Archive member included to satisfy reference by file (symbol)

/usr/lib/gcc/arm-none-eabi/10.3.1/thumb/v6-m/nofp/libgcc.a(_dvmd_tls.o)
                              CMakeFiles/read_temprature.dir/home/prem/pico/pico-sdk/src/rp2_common/pico_divider/divider.S.obj (__aeabi_idiv0)
/usr/lib/gcc/arm-none-eabi/10.3.1/../../../arm-none-eabi/lib/thumb/v6-m/nofp/libg.a(lib_a-atexit.o)
                              /usr/lib/gcc/arm-none-eabi/10.3.1/../../../arm-none-eabi/lib/thumb/v6-m/nofp/crt0.o (atexit)
/usr/lib/gcc/arm-none-eabi/10.3.1/../../../arm-none-eabi/lib/thumb/v6-m/nofp/libg.a(lib_a-calloc.o)
                              CMakeFiles/read_temprature.dir/home/prem/pico/pico-sdk/src/rp2_common/pico_malloc/pico_malloc.c.obj (calloc)
/usr/lib/gcc/arm-none-eabi/10.3.1/../../../arm-none-eabi/lib/thumb/v6-m/nofp/libg.a(lib_a-callocr.o)
                              /usr/lib/gcc/arm-none-eabi/10.3.1/../../../arm-none-eabi/lib/thumb/v6-m/nofp/libg.a(lib_a-calloc.o) (_calloc_r)
/usr/lib/gcc/arm-none-eabi/10.3.1/../../../arm-none-eabi/lib/thumb/v6-m/nofp/libg.a(lib_a-fini.o)
                              /usr/lib/gcc/arm-none-eabi/10.3.1/../../../arm-none-eabi/lib/thumb/v6-m/nofp/crt0.o (__libc_fini_array)
/usr/lib/gcc/arm-none-eabi/10.3.1/../../../arm-none-eabi/lib/thumb/v6-m/nofp/libg.a(lib_a-impure.o)
                              /usr/lib/gcc/arm-none-eabi/10.3.1/../../../arm-none-eabi/lib/thumb/v6-m/nofp/libg.a(lib_a-calloc.o) (_impure_ptr)
/usr/lib/gcc/arm-none-eabi/10.3.1/../../../arm-none-eabi/lib/thumb/v6-m/nofp/libg.a(lib_a-init.o)
                              /usr/lib/gcc/arm-none-eabi/10.3.1/../../../arm-none-eabi/lib/thumb/v6-m/nofp/crt0.o (__libc_init_array)
/usr/lib/gcc/arm-none-eabi/10.3.1/../../../arm-none-eabi/lib/thumb/v6-m/nofp/libg.a(lib_a-malloc.o)
                              CMakeFiles/read_temprature.dir/home/prem/pico/pico-sdk/src/rp2_common/pico_malloc/pico_malloc.c.obj (malloc)
/usr/lib/gcc/arm-none-eabi/10.3.1/../../../arm-none-eabi/lib/thumb/v6-m/nofp/libg.a(lib_a-mallocr.o)
                              /usr/lib/gcc/arm-none-eabi/10.3.1/../../../arm-none-eabi/lib/thumb/v6-m/nofp/libg.a(lib_a-callocr.o) (_malloc_r)
/usr/lib/gcc/arm-none-eabi/10.3.1/../../../arm-none-eabi/lib/thumb/v6-m/nofp/libg.a(lib_a-mlock.o)
                              /usr/lib/gcc/arm-none-eabi/10.3.1/../../../arm-none-eabi/lib/thumb/v6-m/nofp/libg.a(lib_a-mallocr.o) (__malloc_lock)
/usr/lib/gcc/arm-none-eabi/10.3.1/../../../arm-none-eabi/lib/thumb/v6-m/nofp/libg.a(lib_a-realloc.o)
                              CMakeFiles/read_temprature.dir/home/prem/pico/pico-sdk/src/rp2_common/pico_malloc/pico_malloc.c.obj (realloc)
/usr/lib/gcc/arm-none-eabi/10.3.1/../../../arm-none-eabi/lib/thumb/v6-m/nofp/libg.a(lib_a-reallocr.o)
                              /usr/lib/gcc/arm-none-eabi/10.3.1/../../../arm-none-eabi/lib/thumb/v6-m/nofp/libg.a(lib_a-realloc.o) (_realloc_r)
/usr/lib/gcc/arm-none-eabi/10.3.1/../../../arm-none-eabi/lib/thumb/v6-m/nofp/libg.a(lib_a-sbrkr.o)
                              /usr/lib/gcc/arm-none-eabi/10.3.1/../../../arm-none-eabi/lib/thumb/v6-m/nofp/libg.a(lib_a-mallocr.o) (_sbrk_r)
/usr/lib/gcc/arm-none-eabi/10.3.1/../../../arm-none-eabi/lib/thumb/v6-m/nofp/libg.a(lib_a-strlen-stub.o)
                              CMakeFiles/read_temprature.dir/home/prem/pico/pico-sdk/src/rp2_common/pico_stdio/stdio.c.obj (strlen)
/usr/lib/gcc/arm-none-eabi/10.3.1/../../../arm-none-eabi/lib/thumb/v6-m/nofp/libg.a(lib_a-__atexit.o)
                              /usr/lib/gcc/arm-none-eabi/10.3.1/../../../arm-none-eabi/lib/thumb/v6-m/nofp/libg.a(lib_a-atexit.o) (__register_exitproc)
/usr/lib/gcc/arm-none-eabi/10.3.1/../../../arm-none-eabi/lib/thumb/v6-m/nofp/libg.a(lib_a-freer.o)
                              /usr/lib/gcc/arm-none-eabi/10.3.1/../../../arm-none-eabi/lib/thumb/v6-m/nofp/libg.a(lib_a-malloc.o) (_free_r)
/usr/lib/gcc/arm-none-eabi/10.3.1/../../../arm-none-eabi/lib/thumb/v6-m/nofp/libg.a(lib_a-memmove.o)
                              /usr/lib/gcc/arm-none-eabi/10.3.1/../../../arm-none-eabi/lib/thumb/v6-m/nofp/libg.a(lib_a-reallocr.o) (memmove)
/usr/lib/gcc/arm-none-eabi/10.3.1/../../../arm-none-eabi/lib/thumb/v6-m/nofp/libg.a(lib_a-reent.o)
                              /usr/lib/gcc/arm-none-eabi/10.3.1/../../../arm-none-eabi/lib/thumb/v6-m/nofp/libg.a(lib_a-sbrkr.o) (errno)

Discarded input sections

 .text          0x0000000000000000        0x0 /usr/lib/gcc/arm-none-eabi/10.3.1/thumb/v6-m/nofp/crti.o
 .data          0x0000000000000000        0x0 /usr/lib/gcc/arm-none-eabi/10.3.1/thumb/v6-m/nofp/crti.o
 .bss           0x0000000000000000        0x0 /usr/lib/gcc/arm-none-eabi/10.3.1/thumb/v6-m/nofp/crti.o
 .data          0x0000000000000000        0x4 /usr/lib/gcc/arm-none-eabi/10.3.1/thumb/v6-m/nofp/crtbegin.o
 .rodata        0x0000000000000000       0x24 /usr/lib/gcc/arm-none-eabi/10.3.1/thumb/v6-m/nofp/crtbegin.o
[...]
Memory Configuration

Name             Origin             Length             Attributes
FLASH            0x0000000010000000 0x0000000000200000 xr
RAM              0x0000000020000000 0x0000000000040000 xrw
SCRATCH_X        0x0000000020040000 0x0000000000001000 xrw
SCRATCH_Y        0x0000000020041000 0x0000000000001000 xrw
*default*        0x0000000000000000 0xffffffffffffffff

Linker script and memory map

LOAD /usr/lib/gcc/arm-none-eabi/10.3.1/thumb/v6-m/nofp/crti.o
LOAD /usr/lib/gcc/arm-none-eabi/10.3.1/thumb/v6-m/nofp/crtbegin.o
LOAD /usr/lib/gcc/arm-none-eabi/10.3.1/../../../arm-none-eabi/lib/thumb/v6-m/nofp/crt0.o

.flash_begin    0x0000000010000000        0x0
                0x0000000010000000                __flash_binary_start = .

.boot2          0x0000000010000000      0x100
                0x0000000010000000                __boot2_start__ = .
 *(.boot2)
 .boot2         0x0000000010000000      0x100 /tmp/ccsF0GTd.o
                0x0000000010000100                __boot2_end__ = .
                0x0000000000000001                ASSERT (((__boot2_end__ - __boot2_start__) == 0x100), ERROR: Pico second stage bootloader must be 256 bytes in size)

.text           0x0000000010000100     0x4d40
                0x0000000010000100                __logical_binary_start = .
 *(.vectors)
 .vectors       0x0000000010000100       0xd4 CMakeFiles/read_temprature.dir/home/prem/pico/pico-sdk/src/rp2_common/pico_standard_link/crt0.S.obj
                0x0000000010000100                __vectors
                0x0000000010000100                __VECTOR_TABLE
                0x00000000100001c0                isr_invalid
                0x00000000100001c0                __default_isrs_start
                0x00000000100001c2                isr_nmi
                0x00000000100001c4                isr_hardfault
                0x00000000100001c6                isr_svcall
                0x00000000100001c8                isr_pendsv
                0x00000000100001ca                isr_systick
                0x00000000100001cc                isr_irq30
                0x00000000100001cc                __unhandled_user_irq
                0x00000000100001cc                isr_irq13
                0x00000000100001cc                isr_irq27
                0x00000000100001cc                isr_irq31
                0x00000000100001cc                isr_irq5
                0x00000000100001cc                isr_irq11
                0x00000000100001cc                isr_irq23
                0x00000000100001cc                isr_irq18
                0x00000000100001cc                isr_irq28
                0x00000000100001cc                isr_irq19
                0x00000000100001cc                isr_irq0
                0x00000000100001cc                isr_irq6
                0x00000000100001cc                isr_irq22
                0x00000000100001cc                isr_irq17
                0x00000000100001cc                isr_irq14
                0x00000000100001cc                isr_irq2
                0x00000000100001cc                isr_irq10
                0x00000000100001cc                isr_irq8
                0x00000000100001cc                isr_irq24
                0x00000000100001cc                isr_irq1
                0x00000000100001cc                isr_irq7
                0x00000000100001cc                isr_irq21
                0x00000000100001cc                isr_irq20
                0x00000000100001cc                isr_irq15
                0x00000000100001cc                isr_irq25
                0x00000000100001cc                isr_irq4
                0x00000000100001cc                isr_irq16
                0x00000000100001cc                isr_irq29
                0x00000000100001cc                isr_irq26
                0x00000000100001cc                __default_isrs_end
                0x00000000100001cc                isr_irq3
                0x00000000100001cc                isr_irq12
                0x00000000100001cc                isr_irq9
                0x00000000100001d2                unhandled_user_irq_num_in_r0
 *(.binary_info_header)
 .binary_info_header
                0x00000000100001d4       0x14 CMakeFiles/read_temprature.dir/home/prem/pico/pico-sdk/src/rp2_common/pico_standard_link/crt0.S.obj
                0x00000000100001e8                __binary_info_header_end = .
 *(.reset)
 .reset         0x00000000100001e8       0xa0 CMakeFiles/read_temprature.dir/home/prem/pico/pico-sdk/src/rp2_common/pico_standard_link/crt0.S.obj
                0x00000000100001e8                _entry_point
 .reset         0x0000000010000288       0x30 CMakeFiles/read_temprature.dir/home/prem/pico/pico-sdk/src/rp2_common/pico_standard_link/binary_info.c.obj
 *(.init)
 .init          0x00000000100002b8        0x4 /usr/lib/gcc/arm-none-eabi/10.3.1/thumb/v6-m/nofp/crti.o
                0x00000000100002b8                _init
 *(EXCLUDE_FILE(*libm.a: *libc.a:*lib_a-mem*.o *libgcc.a:) .text*)
 .text          0x00000000100002bc       0x98 /usr/lib/gcc/arm-none-eabi/10.3.1/thumb/v6-m/nofp/crtbegin.o
 .text._ZN8MLX90614C2EP8i2c_inst
                0x0000000010000354        0x4 CMakeFiles/read_temprature.dir/read_temprature.cpp.obj
                0x0000000010000354                MLX90614::MLX90614(i2c_inst*)
                0x0000000010000354                MLX90614::MLX90614(i2c_inst*)
 .text._Z41__static_initialization_and_destruction_0ii
                0x0000000010000358       0x24 CMakeFiles/read_temprature.dir/read_temprature.cpp.obj
 .text._ZN8MLX906149read_addrEhPhi
                0x000000001000037c       0x4c CMakeFiles/read_temprature.dir/read_temprature.cpp.obj
                0x000000001000037c                MLX90614::read_addr(unsigned char, unsigned char*, int)
 .text._ZN8MLX906146read16Eh
                0x00000000100003c8       0x1a CMakeFiles/read_temprature.dir/read_temprature.cpp.obj
                0x00000000100003c8                MLX90614::read16(unsigned char)
 *fill*         0x00000000100003e2        0x2 
 .text._ZN8MLX906148readTempEh
                0x00000000100003e4       0x48 CMakeFiles/read_temprature.dir/read_temprature.cpp.obj
                0x00000000100003e4                MLX90614::readTemp(unsigned char)
 .text._ZN8MLX9061415readObjectTempFEv
                0x000000001000042c       0x2c CMakeFiles/read_temprature.dir/read_temprature.cpp.obj
                0x000000001000042c                MLX90614::readObjectTempF()
 .text._ZN8MLX9061416readAmbientTempFEv
                0x0000000010000458       0x2c CMakeFiles/read_temprature.dir/read_temprature.cpp.obj
                0x0000000010000458                MLX90614::readAmbientTempF()
 .text._ZN8MLX9061415readObjectTempCEv
                0x0000000010000484        0xe CMakeFiles/read_temprature.dir/read_temprature.cpp.obj
                0x0000000010000484                MLX90614::readObjectTempC()
 .text._ZN8MLX9061416readAmbientTempCEv
                0x0000000010000492        0xe CMakeFiles/read_temprature.dir/read_temprature.cpp.obj
                0x0000000010000492                MLX90614::readAmbientTempC()
 .text._Z13initializeI2Cv
                0x00000000100004a0       0x38 CMakeFiles/read_temprature.dir/read_temprature.cpp.obj
                0x00000000100004a0                initializeI2C()
 .text.main     0x00000000100004d8       0x7c CMakeFiles/read_temprature.dir/read_temprature.cpp.obj
                0x00000000100004d8                main
 .text._GLOBAL__sub_I__ZN8MLX90614C2EP8i2c_inst
                0x0000000010000554       0x10 CMakeFiles/read_temprature.dir/read_temprature.cpp.obj
 .text.gpio_set_function
                0x0000000010000564       0x30 CMakeFiles/read_temprature.dir/home/prem/pico/pico-sdk/src/rp2_common/hardware_gpio/gpio.c.obj
                0x0000000010000564                gpio_set_function
 .text.gpio_set_pulls
                0x0000000010000594       0x34 CMakeFiles/read_temprature.dir/home/prem/pico/pico-sdk/src/rp2_common/hardware_gpio/gpio.c.obj
                0x0000000010000594                gpio_set_pulls
 .text.running_on_fpga
                0x00000000100005c8       0x14 CMakeFiles/read_temprature.dir/home/prem/pico/pico-sdk/src/rp2_common/pico_platform/platform.c.obj
                0x00000000100005c8                running_on_fpga
 .text.hw_claim_lock
                0x00000000100005dc       0x18 CMakeFiles/read_temprature.dir/home/prem/pico/pico-sdk/src/rp2_common/hardware_claim/claim.c.obj
                0x00000000100005dc                hw_claim_lock
 .text.hw_claim_unlock
                0x00000000100005f4       0x14 CMakeFiles/read_temprature.dir/home/prem/pico/pico-sdk/src/rp2_common/hardware_claim/claim.c.obj
                0x00000000100005f4                hw_claim_unlock
 .text.hw_claim_or_assert
                0x0000000010000608       0x32 CMakeFiles/read_temprature.dir/home/prem/pico/pico-sdk/src/rp2_common/hardware_claim/claim.c.obj
                0x0000000010000608                hw_claim_or_assert
 *fill*         0x000000001000063a        0x2 
 .text.spin_locks_reset
                0x000000001000063c       0x20 CMakeFiles/read_temprature.dir/home/prem/pico/pico-sdk/src/rp2_common/hardware_sync/sync.c.obj
                0x000000001000063c                spin_locks_reset
 .text.next_striped_spin_lock_num
                0x000000001000065c       0x1c CMakeFiles/read_temprature.dir/home/prem/pico/pico-sdk/src/rp2_common/hardware_sync/sync.c.obj
                0x000000001000065c                next_striped_spin_lock_num
 .text.set_raw_irq_handler_and_unlock
                0x0000000010000678       0x28 CMakeFiles/read_temprature.dir/home/prem/pico/pico-sdk/src/rp2_common/hardware_irq/irq.c.obj
 .text.make_branch
                0x00000000100006a0       0x48 CMakeFiles/read_temprature.dir/home/prem/pico/pico-sdk/src/rp2_common/hardware_irq/irq.c.obj
 .text.insert_branch_and_link
                0x00000000100006e8       0x40 CMakeFiles/read_temprature.dir/home/prem/pico/pico-sdk/src/rp2_common/hardware_irq/irq.c.obj
 .text.irq_is_enabled
                0x0000000010000728       0x18 CMakeFiles/read_temprature.dir/home/prem/pico/pico-sdk/src/rp2_common/hardware_irq/irq.c.obj
                0x0000000010000728                irq_is_enabled
 .text.irq_set_mask_enabled
                0x0000000010000740       0x20 CMakeFiles/read_temprature.dir/home/prem/pico/pico-sdk/src/rp2_common/hardware_irq/irq.c.obj
                0x0000000010000740                irq_set_mask_enabled
 .text.irq_set_enabled
                0x0000000010000760        0xe CMakeFiles/read_temprature.dir/home/prem/pico/pico-sdk/src/rp2_common/hardware_irq/irq.c.obj
                0x0000000010000760                irq_set_enabled
 *fill*         0x000000001000076e        0x2 
 .text.irq_get_vtable_handler
                0x0000000010000770       0x10 CMakeFiles/read_temprature.dir/home/prem/pico/pico-sdk/src/rp2_common/hardware_irq/irq.c.obj
                0x0000000010000770                irq_get_vtable_handler
 .text.irq_set_exclusive_handler
                0x0000000010000780       0x54 CMakeFiles/read_temprature.dir/home/prem/pico/pico-sdk/src/rp2_common/hardware_irq/irq.c.obj
                0x0000000010000780                irq_set_exclusive_handler
 .text.irq_remove_handler
                0x00000000100007d4      0x1ac CMakeFiles/read_temprature.dir/home/prem/pico/pico-sdk/src/rp2_common/hardware_irq/irq.c.obj
                0x00000000100007d4                irq_remove_handler
 .text.irq_add_tail_to_free_list
                0x0000000010000980       0xf0 CMakeFiles/read_temprature.dir/home/prem/pico/pico-sdk/src/rp2_common/hardware_irq/irq.c.obj
                0x0000000010000980                irq_add_tail_to_free_list
 .text.irq_init_priorities
                0x0000000010000a70       0x1c CMakeFiles/read_temprature.dir/home/prem/pico/pico-sdk/src/rp2_common/hardware_irq/irq.c.obj
                0x0000000010000a70                irq_init_priorities
 .text.lock_init
                0x0000000010000a8c       0x10 CMakeFiles/read_temprature.dir/home/prem/pico/pico-sdk/src/common/pico_sync/lock_core.c.obj
                0x0000000010000a8c                lock_init
 .text.mutex_init
                0x0000000010000a9c       0x1a CMakeFiles/read_temprature.dir/home/prem/pico/pico-sdk/src/common/pico_sync/mutex.c.obj
                0x0000000010000a9c                mutex_init
 .text.recursive_mutex_init
                0x0000000010000ab6       0x1e CMakeFiles/read_temprature.dir/home/prem/pico/pico-sdk/src/common/pico_sync/mutex.c.obj
                0x0000000010000ab6                recursive_mutex_init
 .text.alarm_pool_post_alloc_init
                0x0000000010000ad4       0x40 CMakeFiles/read_temprature.dir/home/prem/pico/pico-sdk/src/common/pico_time/time.c.obj
 .text.sleep_until_callback
                0x0000000010000b14       0x30 CMakeFiles/read_temprature.dir/home/prem/pico/pico-sdk/src/common/pico_time/time.c.obj
 .text.timer_pool_entry_comparator
                0x0000000010000b44       0x7c CMakeFiles/read_temprature.dir/home/prem/pico/pico-sdk/src/common/pico_time/time.c.obj
                0x0000000010000b44                timer_pool_entry_comparator
 .text.ph_add_child_node
                0x0000000010000bc0       0xa4 CMakeFiles/read_temprature.dir/home/prem/pico/pico-sdk/src/common/pico_time/time.c.obj
 .text.ph_merge_nodes
                0x0000000010000c64       0x3e CMakeFiles/read_temprature.dir/home/prem/pico/pico-sdk/src/common/pico_time/time.c.obj
 *fill*         0x0000000010000ca2        0x2 
 .text.add_alarm_under_lock
                0x0000000010000ca4      0x174 CMakeFiles/read_temprature.dir/home/prem/pico/pico-sdk/src/common/pico_time/time.c.obj
 .text.alarm_pool_alarm_callback
                0x0000000010000e18      0x33c CMakeFiles/read_temprature.dir/home/prem/pico/pico-sdk/src/common/pico_time/time.c.obj
 .text.alarm_pool_init_default
                0x0000000010001154       0x40 CMakeFiles/read_temprature.dir/home/prem/pico/pico-sdk/src/common/pico_time/time.c.obj
                0x0000000010001154                alarm_pool_init_default
 .text.alarm_pool_get_default
                0x0000000010001194       0x2c CMakeFiles/read_temprature.dir/home/prem/pico/pico-sdk/src/common/pico_time/time.c.obj
                0x0000000010001194                alarm_pool_get_default
 .text.alarm_pool_add_alarm_at
                0x00000000100011c0      0x168 CMakeFiles/read_temprature.dir/home/prem/pico/pico-sdk/src/common/pico_time/time.c.obj
                0x00000000100011c0                alarm_pool_add_alarm_at
 .text.alarm_pool_cancel_alarm
                0x0000000010001328       0xf8 CMakeFiles/read_temprature.dir/home/prem/pico/pico-sdk/src/common/pico_time/time.c.obj
                0x0000000010001328                alarm_pool_cancel_alarm
 .text.sleep_until
                0x0000000010001420       0xfc CMakeFiles/read_temprature.dir/home/prem/pico/pico-sdk/src/common/pico_time/time.c.obj
                0x0000000010001420                sleep_until
 .text.sleep_us
                0x000000001000151c       0x58 CMakeFiles/read_temprature.dir/home/prem/pico/pico-sdk/src/common/pico_time/time.c.obj
                0x000000001000151c                sleep_us
 .text.sleep_ms
                0x0000000010001574       0x14 CMakeFiles/read_temprature.dir/home/prem/pico/pico-sdk/src/common/pico_time/time.c.obj
                0x0000000010001574                sleep_ms
 .text.best_effort_wfe_or_timeout
                0x0000000010001588       0xac CMakeFiles/read_temprature.dir/home/prem/pico/pico-sdk/src/common/pico_time/time.c.obj
                0x0000000010001588                best_effort_wfe_or_timeout
 .text.hardware_alarm_irq_handler
                0x0000000010001634       0x90 CMakeFiles/read_temprature.dir/home/prem/pico/pico-sdk/src/rp2_common/hardware_timer/timer.c.obj
 .text.hardware_alarm_claim
                0x00000000100016c4       0x18 CMakeFiles/read_temprature.dir/home/prem/pico/pico-sdk/src/rp2_common/hardware_timer/timer.c.obj
                0x00000000100016c4                hardware_alarm_claim
 .text.time_us_64
                0x00000000100016dc       0x18 CMakeFiles/read_temprature.dir/home/prem/pico/pico-sdk/src/rp2_common/hardware_timer/timer.c.obj
                0x00000000100016dc                time_us_64
 .text.busy_wait_until
                0x00000000100016f4       0x28 CMakeFiles/read_temprature.dir/home/prem/pico/pico-sdk/src/rp2_common/hardware_timer/timer.c.obj
                0x00000000100016f4                busy_wait_until
 .text.busy_wait_us
                0x000000001000171c       0x48 CMakeFiles/read_temprature.dir/home/prem/pico/pico-sdk/src/rp2_common/hardware_timer/timer.c.obj
                0x000000001000171c                busy_wait_us
 .text.hardware_alarm_set_callback
                0x0000000010001764       0x90 CMakeFiles/read_temprature.dir/home/prem/pico/pico-sdk/src/rp2_common/hardware_timer/timer.c.obj
                0x0000000010001764                hardware_alarm_set_callback
 .text.hardware_alarm_set_target
                0x00000000100017f4       0xe8 CMakeFiles/read_temprature.dir/home/prem/pico/pico-sdk/src/rp2_common/hardware_timer/timer.c.obj
                0x00000000100017f4                hardware_alarm_set_target
 .text.hardware_alarm_cancel
                0x00000000100018dc       0x40 CMakeFiles/read_temprature.dir/home/prem/pico/pico-sdk/src/rp2_common/hardware_timer/timer.c.obj
                0x00000000100018dc                hardware_alarm_cancel
 .text.ph_add_child_node
                0x000000001000191c       0xa4 CMakeFiles/read_temprature.dir/home/prem/pico/pico-sdk/src/common/pico_util/pheap.c.obj
 .text.ph_merge_nodes
                0x00000000100019c0       0x3e CMakeFiles/read_temprature.dir/home/prem/pico/pico-sdk/src/common/pico_util/pheap.c.obj
 *fill*         0x00000000100019fe        0x2 
 .text.ph_clear
                0x0000000010001a00       0x70 CMakeFiles/read_temprature.dir/home/prem/pico/pico-sdk/src/common/pico_util/pheap.c.obj
                0x0000000010001a00                ph_clear
 .text.ph_post_alloc_init
                0x0000000010001a70        0xe CMakeFiles/read_temprature.dir/home/prem/pico/pico-sdk/src/common/pico_util/pheap.c.obj
                0x0000000010001a70                ph_post_alloc_init
 *fill*         0x0000000010001a7e        0x2 
 .text.ph_merge_two_pass
                0x0000000010001a80       0xa8 CMakeFiles/read_temprature.dir/home/prem/pico/pico-sdk/src/common/pico_util/pheap.c.obj
                0x0000000010001a80                ph_merge_two_pass
 .text.ph_remove_any_head
                0x0000000010001b28      0x128 CMakeFiles/read_temprature.dir/home/prem/pico/pico-sdk/src/common/pico_util/pheap.c.obj
 .text.ph_remove_head
                0x0000000010001c50       0x14 CMakeFiles/read_temprature.dir/home/prem/pico/pico-sdk/src/common/pico_util/pheap.c.obj
                0x0000000010001c50                ph_remove_head
 .text.ph_remove_and_free_node
                0x0000000010001c64       0xf8 CMakeFiles/read_temprature.dir/home/prem/pico/pico-sdk/src/common/pico_util/pheap.c.obj
                0x0000000010001c64                ph_remove_and_free_node
 .text.uart_disable_before_lcr_write
                0x0000000010001d5c       0x48 CMakeFiles/read_temprature.dir/home/prem/pico/pico-sdk/src/rp2_common/hardware_uart/uart.c.obj
 .text.uart_write_lcr_bits_masked
                0x0000000010001da4       0x22 CMakeFiles/read_temprature.dir/home/prem/pico/pico-sdk/src/rp2_common/hardware_uart/uart.c.obj
 *fill*         0x0000000010001dc6        0x2 
 .text.uart_set_baudrate
                0x0000000010001dc8       0x5c CMakeFiles/read_temprature.dir/home/prem/pico/pico-sdk/src/rp2_common/hardware_uart/uart.c.obj
                0x0000000010001dc8                uart_set_baudrate
 .text.uart_set_format
                0x0000000010001e24       0x2c CMakeFiles/read_temprature.dir/home/prem/pico/pico-sdk/src/rp2_common/hardware_uart/uart.c.obj
                0x0000000010001e24                uart_set_format
 .text.uart_set_translate_crlf
                0x0000000010001e50       0x28 CMakeFiles/read_temprature.dir/home/prem/pico/pico-sdk/src/rp2_common/hardware_uart/uart.c.obj
                0x0000000010001e50                uart_set_translate_crlf
 .text.uart_init
                0x0000000010001e78       0x80 CMakeFiles/read_temprature.dir/home/prem/pico/pico-sdk/src/rp2_common/hardware_uart/uart.c.obj
                0x0000000010001e78                uart_init
 .text.clock_configure
                0x0000000010001ef8      0x108 CMakeFiles/read_temprature.dir/home/prem/pico/pico-sdk/src/rp2_common/hardware_clocks/clocks.c.obj
                0x0000000010001ef8                clock_configure
 .text.clocks_init
                0x0000000010002000      0x100 CMakeFiles/read_temprature.dir/home/prem/pico/pico-sdk/src/rp2_common/hardware_clocks/clocks.c.obj
                0x0000000010002000                clocks_init
 .text.clock_get_hz
                0x0000000010002100        0xc CMakeFiles/read_temprature.dir/home/prem/pico/pico-sdk/src/rp2_common/hardware_clocks/clocks.c.obj
                0x0000000010002100                clock_get_hz
 .text.pll_init
                0x000000001000210c      0x120 CMakeFiles/read_temprature.dir/home/prem/pico/pico-sdk/src/rp2_common/hardware_pll/pll.c.obj
                0x000000001000210c                pll_init
 .text.watchdog_start_tick
                0x000000001000222c       0x10 CMakeFiles/read_temprature.dir/home/prem/pico/pico-sdk/src/rp2_common/hardware_watchdog/watchdog.c.obj
                0x000000001000222c                watchdog_start_tick
 .text.xosc_init
                0x000000001000223c       0x28 CMakeFiles/read_temprature.dir/home/prem/pico/pico-sdk/src/rp2_common/hardware_xosc/xosc.c.obj
                0x000000001000223c                xosc_init
 .text._exit    0x0000000010002264        0x4 CMakeFiles/read_temprature.dir/home/prem/pico/pico-sdk/src/rp2_common/pico_runtime/runtime.c.obj
                0x0000000010002264                _exit
 .text.exit     0x0000000010002268        0x6 CMakeFiles/read_temprature.dir/home/prem/pico/pico-sdk/src/rp2_common/pico_runtime/runtime.c.obj
                0x0000000010002268                exit
 *fill*         0x000000001000226e        0x2 
 .text.__assert_func
                0x0000000010002270       0x3c CMakeFiles/read_temprature.dir/home/prem/pico/pico-sdk/src/rp2_common/pico_runtime/runtime.c.obj
                0x0000000010002270                __assert_func
 .text.runtime_init
                0x00000000100022ac       0xf8 CMakeFiles/read_temprature.dir/home/prem/pico/pico-sdk/src/rp2_common/pico_runtime/runtime.c.obj
                0x00000000100022ac                runtime_init
 .text.panic    0x00000000100023a4       0x30 CMakeFiles/read_temprature.dir/home/prem/pico/pico-sdk/src/rp2_common/pico_runtime/runtime.c.obj
                0x00000000100023a4                panic
 .text._out_null
                0x00000000100023d4        0x2 CMakeFiles/read_temprature.dir/home/prem/pico/pico-sdk/src/rp2_common/pico_printf/printf.c.obj
 .text._out_fct
                0x00000000100023d6        0xe CMakeFiles/read_temprature.dir/home/prem/pico/pico-sdk/src/rp2_common/pico_printf/printf.c.obj
 .text._atoi    0x00000000100023e4       0x24 CMakeFiles/read_temprature.dir/home/prem/pico/pico-sdk/src/rp2_common/pico_printf/printf.c.obj
 .text._out_rev
                0x0000000010002408       0xae CMakeFiles/read_temprature.dir/home/prem/pico/pico-sdk/src/rp2_common/pico_printf/printf.c.obj
 .text._ntoa_format
                0x00000000100024b6      0x112 CMakeFiles/read_temprature.dir/home/prem/pico/pico-sdk/src/rp2_common/pico_printf/printf.c.obj
 .text._ntoa_long
                0x00000000100025c8       0xbc CMakeFiles/read_temprature.dir/home/prem/pico/pico-sdk/src/rp2_common/pico_printf/printf.c.obj
 .text._ntoa_long_long
                0x0000000010002684       0xe2 CMakeFiles/read_temprature.dir/home/prem/pico/pico-sdk/src/rp2_common/pico_printf/printf.c.obj
 *fill*         0x0000000010002766        0x2 
 .text._etoa    0x0000000010002768      0x414 CMakeFiles/read_temprature.dir/home/prem/pico/pico-sdk/src/rp2_common/pico_printf/printf.c.obj
 .text._ftoa    0x0000000010002b7c      0x354 CMakeFiles/read_temprature.dir/home/prem/pico/pico-sdk/src/rp2_common/pico_printf/printf.c.obj
 .text._vsnprintf
                0x0000000010002ed0      0x624 CMakeFiles/read_temprature.dir/home/prem/pico/pico-sdk/src/rp2_common/pico_printf/printf.c.obj
 .text.vfctprintf
                0x00000000100034f4       0x20 CMakeFiles/read_temprature.dir/home/prem/pico/pico-sdk/src/rp2_common/pico_printf/printf.c.obj
                0x00000000100034f4                vfctprintf
 .text          0x0000000010003514       0x10 CMakeFiles/read_temprature.dir/home/prem/pico/pico-sdk/src/rp2_common/pico_bit_ops/bit_ops_aeabi.S.obj
 .text.rom_func_lookup
                0x0000000010003524       0x10 CMakeFiles/read_temprature.dir/home/prem/pico/pico-sdk/src/rp2_common/pico_bootrom/bootrom.c.obj
                0x0000000010003524                rom_func_lookup
 .text.rom_data_lookup
                0x0000000010003534       0x10 CMakeFiles/read_temprature.dir/home/prem/pico/pico-sdk/src/rp2_common/pico_bootrom/bootrom.c.obj
                0x0000000010003534                rom_data_lookup
 .text.rom_funcs_lookup
                0x0000000010003544       0x36 CMakeFiles/read_temprature.dir/home/prem/pico/pico-sdk/src/rp2_common/pico_bootrom/bootrom.c.obj
                0x0000000010003544                rom_funcs_lookup
 *fill*         0x000000001000357a        0x2 
 .text.__wrap___aeabi_idiv
                0x000000001000357c       0x50 CMakeFiles/read_temprature.dir/home/prem/pico/pico-sdk/src/rp2_common/pico_divider/divider.S.obj
                0x000000001000357c                __wrap___aeabi_idivmod
                0x000000001000357c                divmod_s32s32
                0x000000001000357c                div_s32s32
                0x000000001000357c                __wrap___aeabi_idiv
                0x0000000010003584                divmod_s32s32_unsafe
                0x00000000100035b0                divmod_s32s32_savestate
 .text.__wrap___aeabi_uidiv
                0x00000000100035cc       0x4c CMakeFiles/read_temprature.dir/home/prem/pico/pico-sdk/src/rp2_common/pico_divider/divider.S.obj
                0x00000000100035cc                __wrap___aeabi_uidiv
                0x00000000100035cc                __wrap___aeabi_uidivmod
                0x00000000100035cc                div_u32u32
                0x00000000100035cc                divmod_u32u32
                0x00000000100035d4                divmod_u32u32_unsafe
                0x00000000100035fc                divmod_u32u32_savestate
 .text.__wrap___aeabi_ldiv
                0x0000000010003618      0x424 CMakeFiles/read_temprature.dir/home/prem/pico/pico-sdk/src/rp2_common/pico_divider/divider.S.obj
                0x0000000010003618                div_s64s64
                0x0000000010003618                divmod_s64s64
                0x0000000010003618                __wrap___aeabi_ldivmod
                0x0000000010003648                div_u64u64
                0x0000000010003648                divmod_u64u64
                0x0000000010003648                __wrap___aeabi_uldivmod
                0x0000000010003658                divmod_u64u64_savestate
                0x0000000010003678                divmod_s64s64_unsafe
                0x0000000010003700                divmod_u64u64_unsafe
 .text.__wrap___aeabi_darithmetic
                0x0000000010003a3c       0x80 CMakeFiles/read_temprature.dir/home/prem/pico/pico-sdk/src/rp2_common/pico_double/double_aeabi.S.obj
                0x0000000010003a3c                __wrap___aeabi_drsub
                0x0000000010003a42                __wrap___aeabi_dsub
                0x0000000010003a54                __wrap___aeabi_dadd
                0x0000000010003a66                __wrap___aeabi_ddiv
                0x0000000010003aa2                __wrap___aeabi_dmul
 .text.__wrap___aeabi_cdcmple
                0x0000000010003abc       0x6c CMakeFiles/read_temprature.dir/home/prem/pico/pico-sdk/src/rp2_common/pico_double/double_aeabi.S.obj
                0x0000000010003abc                __wrap___aeabi_cdrcmple
                0x0000000010003acc                __wrap___aeabi_cdcmple
                0x0000000010003acc                __wrap___aeabi_cdcmpeq
 .text.__wrap___aeabi_dcmplt
                0x0000000010003b28        0xc CMakeFiles/read_temprature.dir/home/prem/pico/pico-sdk/src/rp2_common/pico_double/double_aeabi.S.obj
                0x0000000010003b28                __wrap___aeabi_dcmplt
 .text.__wrap___aeabi_dcmple
                0x0000000010003b34       0x10 CMakeFiles/read_temprature.dir/home/prem/pico/pico-sdk/src/rp2_common/pico_double/double_aeabi.S.obj
                0x0000000010003b34                __wrap___aeabi_dcmple
 .text.__wrap___aeabi_dcmpge
                0x0000000010003b44       0x10 CMakeFiles/read_temprature.dir/home/prem/pico/pico-sdk/src/rp2_common/pico_double/double_aeabi.S.obj
                0x0000000010003b44                __wrap___aeabi_dcmpge
 .text.__wrap___aeabi_dcmpgt
                0x0000000010003b54        0xa CMakeFiles/read_temprature.dir/home/prem/pico/pico-sdk/src/rp2_common/pico_double/double_aeabi.S.obj
                0x0000000010003b54                __wrap___aeabi_dcmpgt
 .text.__wrap___aeabi_dcmpun
                0x0000000010003b5e       0x1c CMakeFiles/read_temprature.dir/home/prem/pico/pico-sdk/src/rp2_common/pico_double/double_aeabi.S.obj
                0x0000000010003b5e                __wrap___aeabi_dcmpun
 *fill*         0x0000000010003b7a        0x2 
 .text.__wrap___aeabi_i2d
                0x0000000010003b7c       0x38 CMakeFiles/read_temprature.dir/home/prem/pico/pico-sdk/src/rp2_common/pico_double/double_aeabi.S.obj
                0x0000000010003b7c                __wrap___aeabi_ui2d
                0x0000000010003b84                __wrap___aeabi_i2d
 .text.__wrap___aeabi_d2iz
                0x0000000010003bb4       0x48 CMakeFiles/read_temprature.dir/home/prem/pico/pico-sdk/src/rp2_common/pico_double/double_aeabi.S.obj
                0x0000000010003bb4                __wrap___aeabi_d2iz
                0x0000000010003bb4                double2int_z
 .text.__wrap___aeabi_d2uiz
                0x0000000010003bfc       0x18 CMakeFiles/read_temprature.dir/home/prem/pico/pico-sdk/src/rp2_common/pico_double/double_aeabi.S.obj
                0x0000000010003bfc                double2uint
                0x0000000010003bfc                __wrap___aeabi_d2uiz
 .text.__wrap___aeabi_d2f
                0x0000000010003c14       0x18 CMakeFiles/read_temprature.dir/home/prem/pico/pico-sdk/src/rp2_common/pico_double/double_aeabi.S.obj
                0x0000000010003c14                __wrap___aeabi_d2f
 .text.__aeabi_double_init
                0x0000000010003c2c       0xc8 CMakeFiles/read_temprature.dir/home/prem/pico/pico-sdk/src/rp2_common/pico_double/double_init_rom.c.obj
                0x0000000010003c2c                __aeabi_double_init
 .text.double_table_shim_on_use_helper
                0x0000000010003cf4       0x34 CMakeFiles/read_temprature.dir/home/prem/pico/pico-sdk/src/rp2_common/pico_double/double_v1_rom_shim.S.obj
                0x0000000010003cf4                double_table_shim_on_use_helper
 .text.__wrap___aeabi_dsub
                0x0000000010003d28       0x10 CMakeFiles/read_temprature.dir/home/prem/pico/pico-sdk/src/rp2_common/pico_double/double_v1_rom_shim.S.obj
                0x0000000010003d28                drsub_shim
                0x0000000010003d2e                dsub_shim
 .text.dadd_shim
                0x0000000010003d38      0x15c CMakeFiles/read_temprature.dir/home/prem/pico/pico-sdk/src/rp2_common/pico_double/double_v1_rom_shim.S.obj
                0x0000000010003d38                dadd_shim
 .text.dmul_shim
                0x0000000010003e94      0x15c CMakeFiles/read_temprature.dir/home/prem/pico/pico-sdk/src/rp2_common/pico_double/double_v1_rom_shim.S.obj
                0x0000000010003e94                dmul_shim
 .text.ddiv_shim
                0x0000000010003ff0      0x1b0 CMakeFiles/read_temprature.dir/home/prem/pico/pico-sdk/src/rp2_common/pico_double/double_v1_rom_shim.S.obj
                0x0000000010003ff0                ddiv_shim
 .text.double2uint_shim
                0x00000000100041a0        0xe CMakeFiles/read_temprature.dir/home/prem/pico/pico-sdk/src/rp2_common/pico_double/double_v1_rom_shim.S.obj
                0x00000000100041a0                double2uint_shim
                0x00000000100041a2                double2ufix_shim
 *fill*         0x00000000100041ae        0x2 
 .text.double2uint64_shim
                0x00000000100041b0       0x70 CMakeFiles/read_temprature.dir/home/prem/pico/pico-sdk/src/rp2_common/pico_double/double_v1_rom_shim.S.obj
                0x00000000100041b0                double2uint64_shim
                0x00000000100041b2                double2ufix64_shim
                0x00000000100041d2                d2fix_a
 .text.double2float_shim
                0x0000000010004220       0x5c CMakeFiles/read_temprature.dir/home/prem/pico/pico-sdk/src/rp2_common/pico_double/double_v1_rom_shim.S.obj
                0x0000000010004220                double2float_shim
 .text.dunpacks
                0x000000001000427c       0x3c CMakeFiles/read_temprature.dir/home/prem/pico/pico-sdk/src/rp2_common/pico_double/double_v1_rom_shim.S.obj
                0x000000001000427c                dunpacks
 .text.__aeabi_lmul
                0x00000000100042b8       0x32 CMakeFiles/read_temprature.dir/home/prem/pico/pico-sdk/src/rp2_common/pico_int64_ops/pico_int64_ops_aeabi.S.obj
                0x00000000100042b8                __wrap___aeabi_lmul
 *fill*         0x00000000100042ea        0x2 
 .text.__wrap___aeabi_farithmetic
                0x00000000100042ec       0x58 CMakeFiles/read_temprature.dir/home/prem/pico/pico-sdk/src/rp2_common/pico_float/float_aeabi.S.obj
                0x00000000100042ec                __wrap___aeabi_frsub
                0x00000000100042f2                __wrap___aeabi_fsub
                0x00000000100042fc                __wrap___aeabi_fadd
                0x0000000010004306                __wrap___aeabi_fdiv
                0x0000000010004332                __wrap___aeabi_fmul
 .text.__wrap___aeabi_ui2f
                0x0000000010004344        0xa CMakeFiles/read_temprature.dir/home/prem/pico/pico-sdk/src/rp2_common/pico_float/float_aeabi.S.obj
                0x0000000010004344                __wrap___aeabi_ui2f
 *fill*         0x000000001000434e        0x2 
 .text.__wrap___aeabi_i2f
                0x0000000010004350       0x44 CMakeFiles/read_temprature.dir/home/prem/pico/pico-sdk/src/rp2_common/pico_float/float_aeabi.S.obj
                0x0000000010004350                __wrap___aeabi_i2f
 .text.__wrap___aeabi_f2d
                0x0000000010004394       0x14 CMakeFiles/read_temprature.dir/home/prem/pico/pico-sdk/src/rp2_common/pico_float/float_aeabi.S.obj
                0x0000000010004394                __wrap___aeabi_f2d
 .text.__aeabi_float_init
                0x00000000100043a8       0xfc CMakeFiles/read_temprature.dir/home/prem/pico/pico-sdk/src/rp2_common/pico_float/float_init_rom.c.obj
                0x00000000100043a8                __aeabi_float_init
 .text.float_table_shim_on_use_helper
                0x00000000100044a4       0x34 CMakeFiles/read_temprature.dir/home/prem/pico/pico-sdk/src/rp2_common/pico_float/float_v1_rom_shim.S.obj
                0x00000000100044a4                float_table_shim_on_use_helper
 .text.float2double_shim
                0x00000000100044d8       0x30 CMakeFiles/read_temprature.dir/home/prem/pico/pico-sdk/src/rp2_common/pico_float/float_v1_rom_shim.S.obj
                0x00000000100044d8                float2double_shim
 .text          0x0000000010004508       0x10 CMakeFiles/read_temprature.dir/home/prem/pico/pico-sdk/src/rp2_common/pico_mem_ops/mem_ops_aeabi.S.obj
                0x0000000010004508                __aeabi_mem_init
 .text.memcpy   0x0000000010004518        0xc CMakeFiles/read_temprature.dir/home/prem/pico/pico-sdk/src/rp2_common/pico_mem_ops/mem_ops_aeabi.S.obj
                0x0000000010004518                __wrap___aeabi_memcpy
                0x0000000010004518                __wrap_memcpy
 .text.stdio_out_chars_no_crlf
                0x0000000010004524        0xe CMakeFiles/read_temprature.dir/home/prem/pico/pico-sdk/src/rp2_common/pico_stdio/stdio.c.obj
 *fill*         0x0000000010004532        0x2 
 .text.stdio_out_chars_crlf
                0x0000000010004534       0x80 CMakeFiles/read_temprature.dir/home/prem/pico/pico-sdk/src/rp2_common/pico_stdio/stdio.c.obj
 .text.stdio_stack_buffer_flush
                0x00000000100045b4       0x44 CMakeFiles/read_temprature.dir/home/prem/pico/pico-sdk/src/rp2_common/pico_stdio/stdio.c.obj
 .text.stdio_buffered_printer
                0x00000000100045f8       0x20 CMakeFiles/read_temprature.dir/home/prem/pico/pico-sdk/src/rp2_common/pico_stdio/stdio.c.obj
 .text.stdout_serialize_begin
                0x0000000010004618       0x5c CMakeFiles/read_temprature.dir/home/prem/pico/pico-sdk/src/rp2_common/pico_stdio/stdio.c.obj
                0x0000000010004618                stdout_serialize_begin
 .text.stdout_serialize_end
                0x0000000010004674       0x10 CMakeFiles/read_temprature.dir/home/prem/pico/pico-sdk/src/rp2_common/pico_stdio/stdio.c.obj
                0x0000000010004674                stdout_serialize_end
 .text.stdio_put_string
                0x0000000010004684       0x98 CMakeFiles/read_temprature.dir/home/prem/pico/pico-sdk/src/rp2_common/pico_stdio/stdio.c.obj
 .text.stdio_set_driver_enabled
                0x000000001000471c       0x2c CMakeFiles/read_temprature.dir/home/prem/pico/pico-sdk/src/rp2_common/pico_stdio/stdio.c.obj
                0x000000001000471c                stdio_set_driver_enabled
 .text.stdio_flush
                0x0000000010004748       0x20 CMakeFiles/read_temprature.dir/home/prem/pico/pico-sdk/src/rp2_common/pico_stdio/stdio.c.obj
                0x0000000010004748                stdio_flush
 .text.__wrap_puts
                0x0000000010004768       0x1e CMakeFiles/read_temprature.dir/home/prem/pico/pico-sdk/src/rp2_common/pico_stdio/stdio.c.obj
                0x0000000010004768                __wrap_puts
 *fill*         0x0000000010004786        0x2 
 .text.__wrap_vprintf
                0x0000000010004788       0x40 CMakeFiles/read_temprature.dir/home/prem/pico/pico-sdk/src/rp2_common/pico_stdio/stdio.c.obj
                0x0000000010004788                __wrap_vprintf
 .text.__wrap_printf
                0x00000000100047c8       0x18 CMakeFiles/read_temprature.dir/home/prem/pico/pico-sdk/src/rp2_common/pico_stdio/stdio.c.obj
                0x00000000100047c8                __wrap_printf
 .text.stdio_init_all
                0x00000000100047e0        0xa CMakeFiles/read_temprature.dir/home/prem/pico/pico-sdk/src/rp2_common/pico_stdio/stdio.c.obj
                0x00000000100047e0                stdio_init_all
 *fill*         0x00000000100047ea        0x2 
 .text.stdio_uart_out_chars
                0x00000000100047ec       0x74 CMakeFiles/read_temprature.dir/home/prem/pico/pico-sdk/src/rp2_common/pico_stdio_uart/stdio_uart.c.obj
 .text.stdio_uart_in_chars
                0x0000000010004860       0x80 CMakeFiles/read_temprature.dir/home/prem/pico/pico-sdk/src/rp2_common/pico_stdio_uart/stdio_uart.c.obj
                0x0000000010004860                stdio_uart_in_chars
 .text.on_uart_rx
                0x00000000100048e0       0x28 CMakeFiles/read_temprature.dir/home/prem/pico/pico-sdk/src/rp2_common/pico_stdio_uart/stdio_uart.c.obj
 .text.stdio_uart_set_chars_available_callback
                0x0000000010004908       0x8c CMakeFiles/read_temprature.dir/home/prem/pico/pico-sdk/src/rp2_common/pico_stdio_uart/stdio_uart.c.obj
 .text.stdio_uart_init_full
                0x0000000010004994       0x44 CMakeFiles/read_temprature.dir/home/prem/pico/pico-sdk/src/rp2_common/pico_stdio_uart/stdio_uart.c.obj
                0x0000000010004994                stdio_uart_init_full
 .text.stdio_uart_init
                0x00000000100049d8       0x28 CMakeFiles/read_temprature.dir/home/prem/pico/pico-sdk/src/rp2_common/pico_stdio_uart/stdio_uart.c.obj
                0x00000000100049d8                stdio_uart_init
 .text.i2c_write_blocking_internal
                0x0000000010004a00      0x140 CMakeFiles/read_temprature.dir/home/prem/pico/pico-sdk/src/rp2_common/hardware_i2c/i2c.c.obj
 .text.i2c_read_blocking_internal
                0x0000000010004b40       0xe6 CMakeFiles/read_temprature.dir/home/prem/pico/pico-sdk/src/rp2_common/hardware_i2c/i2c.c.obj
 *fill*         0x0000000010004c26        0x2 
 .text.i2c_set_baudrate
                0x0000000010004c28       0xf0 CMakeFiles/read_temprature.dir/home/prem/pico/pico-sdk/src/rp2_common/hardware_i2c/i2c.c.obj
                0x0000000010004c28                i2c_set_baudrate
 .text.i2c_init
                0x0000000010004d18       0x58 CMakeFiles/read_temprature.dir/home/prem/pico/pico-sdk/src/rp2_common/hardware_i2c/i2c.c.obj
                0x0000000010004d18                i2c_init
 .text.i2c_write_blocking
                0x0000000010004d70       0x18 CMakeFiles/read_temprature.dir/home/prem/pico/pico-sdk/src/rp2_common/hardware_i2c/i2c.c.obj
                0x0000000010004d70                i2c_write_blocking
 .text.i2c_read_blocking
                0x0000000010004d88       0x18 CMakeFiles/read_temprature.dir/home/prem/pico/pico-sdk/src/rp2_common/hardware_i2c/i2c.c.obj
                0x0000000010004d88                i2c_read_blocking
 .text          0x0000000010004da0       0x5c /usr/lib/gcc/arm-none-eabi/10.3.1/../../../arm-none-eabi/lib/thumb/v6-m/nofp/libg.a(lib_a-strlen-stub.o)
                0x0000000010004da0                strlen
 *(.fini)
 .fini          0x0000000010004dfc        0x4 /usr/lib/gcc/arm-none-eabi/10.3.1/thumb/v6-m/nofp/crti.o
                0x0000000010004dfc                _fini
 .fini.__stub   0x0000000010004e00       0x40 linker stubs
 *crtbegin.o(.ctors)
 *crtbegin?.o(.ctors)
 *(EXCLUDE_FILE(*crtend.o *crtend?.o) .ctors)
 *(SORT_BY_NAME(.ctors.*))
 *(.ctors)
 *crtbegin.o(.dtors)
 *crtbegin?.o(.dtors)
 *(EXCLUDE_FILE(*crtend.o *crtend?.o) .dtors)
 *(SORT_BY_NAME(.dtors.*))
 *(.dtors)
 *(.eh_frame*)
 .eh_frame      0x0000000010004e40        0x0 /usr/lib/gcc/arm-none-eabi/10.3.1/thumb/v6-m/nofp/crtbegin.o
                0x0000000010004e40                . = ALIGN (0x4)

.glue_7         0x0000000010004e40        0x0
 .glue_7        0x0000000010004e40        0x0 linker stubs

.glue_7t        0x0000000010004e40        0x0
 .glue_7t       0x0000000010004e40        0x0 linker stubs

.vfp11_veneer   0x0000000010004e40        0x0
 .vfp11_veneer  0x0000000010004e40        0x0 linker stubs

.v4_bx          0x0000000010004e40        0x0
 .v4_bx         0x0000000010004e40        0x0 linker stubs

.iplt           0x0000000010004e40        0x0
 .iplt          0x0000000010004e40        0x0 /usr/lib/gcc/arm-none-eabi/10.3.1/thumb/v6-m/nofp/crtbegin.o

.rodata         0x0000000010004e40     0x1020
 *(EXCLUDE_FILE(*libm.a: *libc.a:*lib_a-mem*.o *libgcc.a:) .rodata*)
 .rodata._ZN8MLX906149read_addrEhPhi.str1.4
                0x0000000010004e40       0x13 CMakeFiles/read_temprature.dir/read_temprature.cpp.obj
 *fill*         0x0000000010004e53        0x1 
 .rodata.main.str1.4
                0x0000000010004e54       0x3f CMakeFiles/read_temprature.dir/read_temprature.cpp.obj
 *fill*         0x0000000010004e93        0x1 
 .rodata.str1.4
                0x0000000010004e94       0x1a CMakeFiles/read_temprature.dir/read_temprature.cpp.obj
 *fill*         0x0000000010004eae        0x2 
 .rodata._ZZ13initializeI2CvE7__bi_27
                0x0000000010004eb0        0x8 CMakeFiles/read_temprature.dir/read_temprature.cpp.obj
 .rodata._ZZ13initializeI2CvE7__bi_28
                0x0000000010004eb8        0xc CMakeFiles/read_temprature.dir/read_temprature.cpp.obj
 .rodata.make_branch.str1.4
                0x0000000010004ec4       0x6b CMakeFiles/read_temprature.dir/home/prem/pico/pico-sdk/src/rp2_common/hardware_irq/irq.c.obj
 *fill*         0x0000000010004f2f        0x1 
 .rodata.insert_branch_and_link.str1.4
                0x0000000010004f30       0x10 CMakeFiles/read_temprature.dir/home/prem/pico/pico-sdk/src/rp2_common/hardware_irq/irq.c.obj
 .rodata.irq_set_exclusive_handler.str1.4
                0x0000000010004f40       0x36 CMakeFiles/read_temprature.dir/home/prem/pico/pico-sdk/src/rp2_common/hardware_irq/irq.c.obj
 *fill*         0x0000000010004f76        0x2 
 .rodata.irq_add_shared_handler.str1.4
                0x0000000010004f78       0xd9 CMakeFiles/read_temprature.dir/home/prem/pico/pico-sdk/src/rp2_common/hardware_irq/irq.c.obj
 *fill*         0x0000000010005051        0x3 
 .rodata.irq_remove_handler.str1.4
                0x0000000010005054       0x3a CMakeFiles/read_temprature.dir/home/prem/pico/pico-sdk/src/rp2_common/hardware_irq/irq.c.obj
 *fill*         0x000000001000508e        0x2 
 .rodata.irq_add_tail_to_free_list.str1.4
                0x0000000010005090       0x3a CMakeFiles/read_temprature.dir/home/prem/pico/pico-sdk/src/rp2_common/hardware_irq/irq.c.obj
 *fill*         0x00000000100050ca        0x2 
 .rodata.__func__.0
                0x00000000100050cc       0x1a CMakeFiles/read_temprature.dir/home/prem/pico/pico-sdk/src/rp2_common/hardware_irq/irq.c.obj
 *fill*         0x00000000100050e6        0x2 
 .rodata.__func__.1
                0x00000000100050e8       0x17 CMakeFiles/read_temprature.dir/home/prem/pico/pico-sdk/src/rp2_common/hardware_irq/irq.c.obj
 *fill*         0x00000000100050ff        0x1 
 .rodata.__func__.2
                0x0000000010005100       0x13 CMakeFiles/read_temprature.dir/home/prem/pico/pico-sdk/src/rp2_common/hardware_irq/irq.c.obj
 *fill*         0x0000000010005113        0x1 
 .rodata.__func__.3
                0x0000000010005114        0xc CMakeFiles/read_temprature.dir/home/prem/pico/pico-sdk/src/rp2_common/hardware_irq/irq.c.obj
 .rodata.__func__.4
                0x0000000010005120        0xf CMakeFiles/read_temprature.dir/home/prem/pico/pico-sdk/src/rp2_common/hardware_irq/irq.c.obj
 *fill*         0x000000001000512f        0x1 
 .rodata.__func__.6
                0x0000000010005130       0x1a CMakeFiles/read_temprature.dir/home/prem/pico/pico-sdk/src/rp2_common/hardware_irq/irq.c.obj
 *fill*         0x000000001000514a        0x2 
 .rodata.str1.4
                0x000000001000514c       0xe9 CMakeFiles/read_temprature.dir/home/prem/pico/pico-sdk/src/common/pico_sync/mutex.c.obj
 *fill*         0x0000000010005235        0x3 
 .rodata.__func__.1
                0x0000000010005238        0xb CMakeFiles/read_temprature.dir/home/prem/pico/pico-sdk/src/common/pico_sync/mutex.c.obj
 *fill*         0x0000000010005243        0x1 
 .rodata.__func__.3
                0x0000000010005244       0x18 CMakeFiles/read_temprature.dir/home/prem/pico/pico-sdk/src/common/pico_sync/mutex.c.obj
 .rodata.repeating_timer_callback.str1.4
                0x000000001000525c       0x49 CMakeFiles/read_temprature.dir/home/prem/pico/pico-sdk/src/common/pico_time/time.c.obj
 *fill*         0x00000000100052a5        0x3 
 .rodata.timer_pool_entry_comparator.str1.4
                0x00000000100052a8       0x22 CMakeFiles/read_temprature.dir/home/prem/pico/pico-sdk/src/common/pico_time/time.c.obj
 *fill*         0x00000000100052ca        0x2 
 .rodata.ph_add_child_node.str1.4
                0x00000000100052cc       0x92 CMakeFiles/read_temprature.dir/home/prem/pico/pico-sdk/src/common/pico_time/time.c.obj
 *fill*         0x000000001000535e        0x2 
 .rodata.add_alarm_under_lock.str1.4
                0x0000000010005360       0x28 CMakeFiles/read_temprature.dir/home/prem/pico/pico-sdk/src/common/pico_time/time.c.obj
                                         0x2b (size before relaxing)
 .rodata.alarm_pool_alarm_callback.str1.4
                0x0000000010005388       0x98 CMakeFiles/read_temprature.dir/home/prem/pico/pico-sdk/src/common/pico_time/time.c.obj
                                         0xf8 (size before relaxing)
 .rodata.alarm_pool_get_default.str1.4
                0x0000000010005420       0x21 CMakeFiles/read_temprature.dir/home/prem/pico/pico-sdk/src/common/pico_time/time.c.obj
 *fill*         0x0000000010005441        0x3 
 .rodata.alarm_pool_cancel_alarm.str1.4
                0x0000000010005444       0x27 CMakeFiles/read_temprature.dir/home/prem/pico/pico-sdk/src/common/pico_time/time.c.obj
 *fill*         0x000000001000546b        0x1 
 .rodata.sleep_until.str1.4
                0x000000001000546c       0x4d CMakeFiles/read_temprature.dir/home/prem/pico/pico-sdk/src/common/pico_time/time.c.obj
 *fill*         0x00000000100054b9        0x3 
 .rodata.__func__.1
                0x00000000100054bc       0x18 CMakeFiles/read_temprature.dir/home/prem/pico/pico-sdk/src/common/pico_time/time.c.obj
 .rodata.__func__.10
                0x00000000100054d4       0x15 CMakeFiles/read_temprature.dir/home/prem/pico/pico-sdk/src/common/pico_time/time.c.obj
 *fill*         0x00000000100054e9        0x3 
 .rodata.__func__.11
                0x00000000100054ec       0x1a CMakeFiles/read_temprature.dir/home/prem/pico/pico-sdk/src/common/pico_time/time.c.obj
 *fill*         0x0000000010005506        0x2 
 .rodata.__func__.12
                0x0000000010005508        0xa CMakeFiles/read_temprature.dir/home/prem/pico/pico-sdk/src/common/pico_time/time.c.obj
 *fill*         0x0000000010005512        0x2 
 .rodata.__func__.3
                0x0000000010005514       0x17 CMakeFiles/read_temprature.dir/home/prem/pico/pico-sdk/src/common/pico_time/time.c.obj
 *fill*         0x000000001000552b        0x1 
 .rodata.__func__.4
                0x000000001000552c       0x12 CMakeFiles/read_temprature.dir/home/prem/pico/pico-sdk/src/common/pico_time/time.c.obj
 *fill*         0x000000001000553e        0x2 
 .rodata.__func__.5
                0x0000000010005540        0xd CMakeFiles/read_temprature.dir/home/prem/pico/pico-sdk/src/common/pico_time/time.c.obj
 *fill*         0x000000001000554d        0x3 
 .rodata.__func__.6
                0x0000000010005550       0x12 CMakeFiles/read_temprature.dir/home/prem/pico/pico-sdk/src/common/pico_time/time.c.obj
 *fill*         0x0000000010005562        0x2 
 .rodata.__func__.7
                0x0000000010005564        0xf CMakeFiles/read_temprature.dir/home/prem/pico/pico-sdk/src/common/pico_time/time.c.obj
 *fill*         0x0000000010005573        0x1 
 .rodata.__func__.8
                0x0000000010005574        0xc CMakeFiles/read_temprature.dir/home/prem/pico/pico-sdk/src/common/pico_time/time.c.obj
 .rodata.__func__.9
                0x0000000010005580       0x15 CMakeFiles/read_temprature.dir/home/prem/pico/pico-sdk/src/common/pico_time/time.c.obj
 *fill*         0x0000000010005595        0x3 
 .rodata.hardware_alarm_claim.str1.4
                0x0000000010005598       0x22 CMakeFiles/read_temprature.dir/home/prem/pico/pico-sdk/src/rp2_common/hardware_timer/timer.c.obj
 .rodata.busy_wait_us.str1.4
                0x00000000100055ba       0x5f CMakeFiles/read_temprature.dir/home/prem/pico/pico-sdk/src/rp2_common/hardware_timer/timer.c.obj
 *fill*         0x00000000100055ba        0x2 
 .rodata.hardware_alarm_set_target.str1.4
                0x00000000100055bc       0x63 CMakeFiles/read_temprature.dir/home/prem/pico/pico-sdk/src/rp2_common/hardware_timer/timer.c.obj
 *fill*         0x000000001000561f        0x1 
 .rodata.__func__.0
                0x0000000010005620       0x1a CMakeFiles/read_temprature.dir/home/prem/pico/pico-sdk/src/rp2_common/hardware_timer/timer.c.obj
 *fill*         0x000000001000563a        0x2 
 .rodata.__func__.1
                0x000000001000563c       0x15 CMakeFiles/read_temprature.dir/home/prem/pico/pico-sdk/src/rp2_common/hardware_timer/timer.c.obj
 .rodata.ph_add_child_node.str1.4
                0x0000000010005651       0x92 CMakeFiles/read_temprature.dir/home/prem/pico/pico-sdk/src/common/pico_util/pheap.c.obj
 *fill*         0x0000000010005651        0x3 
 .rodata.ph_remove_any_head.str1.4
                0x0000000010005654       0x8c CMakeFiles/read_temprature.dir/home/prem/pico/pico-sdk/src/common/pico_util/pheap.c.obj
                                         0xa0 (size before relaxing)
 .rodata.ph_remove_and_free_node.str1.4
                0x00000000100056e0       0x1e CMakeFiles/read_temprature.dir/home/prem/pico/pico-sdk/src/common/pico_util/pheap.c.obj
                                         0x26 (size before relaxing)
 *fill*         0x00000000100056fe        0x2 
 .rodata.__func__.0
                0x0000000010005700       0x18 CMakeFiles/read_temprature.dir/home/prem/pico/pico-sdk/src/common/pico_util/pheap.c.obj
 .rodata.__func__.1
                0x0000000010005718       0x13 CMakeFiles/read_temprature.dir/home/prem/pico/pico-sdk/src/common/pico_util/pheap.c.obj
 *fill*         0x000000001000572b        0x1 
 .rodata.__func__.2
                0x000000001000572c       0x12 CMakeFiles/read_temprature.dir/home/prem/pico/pico-sdk/src/common/pico_util/pheap.c.obj
 *fill*         0x000000001000573e        0x2 
 .rodata.__func__.3
                0x0000000010005740        0xc CMakeFiles/read_temprature.dir/home/prem/pico/pico-sdk/src/common/pico_util/pheap.c.obj
 .rodata.clock_configure.str1.4
                0x000000001000574c       0x55 CMakeFiles/read_temprature.dir/home/prem/pico/pico-sdk/src/rp2_common/hardware_clocks/clocks.c.obj
 *fill*         0x00000000100057a1        0x3 
 .rodata.__func__.1
                0x00000000100057a4       0x10 CMakeFiles/read_temprature.dir/home/prem/pico/pico-sdk/src/rp2_common/hardware_clocks/clocks.c.obj
 .rodata.pll_init.str1.4
                0x00000000100057b4      0x120 CMakeFiles/read_temprature.dir/home/prem/pico/pico-sdk/src/rp2_common/hardware_pll/pll.c.obj
 .rodata.__func__.0
                0x00000000100058d4        0x9 CMakeFiles/read_temprature.dir/home/prem/pico/pico-sdk/src/rp2_common/hardware_pll/pll.c.obj
 *fill*         0x00000000100058dd        0x3 
 .rodata.__assert_func.str1.4
                0x00000000100058e0       0x3f CMakeFiles/read_temprature.dir/home/prem/pico/pico-sdk/src/rp2_common/pico_runtime/runtime.c.obj
                                         0x43 (size before relaxing)
 *fill*         0x000000001000591f        0x1 
 .rodata.runtime_init.str1.4
                0x0000000010005920       0x5f CMakeFiles/read_temprature.dir/home/prem/pico/pico-sdk/src/rp2_common/pico_runtime/runtime.c.obj
 *fill*         0x000000001000597f        0x1 
 .rodata.panic.str1.4
                0x0000000010005980       0x12 CMakeFiles/read_temprature.dir/home/prem/pico/pico-sdk/src/rp2_common/pico_runtime/runtime.c.obj
 *fill*         0x0000000010005992        0x2 
 .rodata.__func__.2
                0x0000000010005994        0xd CMakeFiles/read_temprature.dir/home/prem/pico/pico-sdk/src/rp2_common/pico_runtime/runtime.c.obj
 *fill*         0x00000000100059a1        0x3 
 .rodata._ftoa.str1.4
                0x00000000100059a4       0x15 CMakeFiles/read_temprature.dir/home/prem/pico/pico-sdk/src/rp2_common/pico_printf/printf.c.obj
 *fill*         0x00000000100059b9        0x3 
 .rodata._vsnprintf
                0x00000000100059bc      0x1e0 CMakeFiles/read_temprature.dir/home/prem/pico/pico-sdk/src/rp2_common/pico_printf/printf.c.obj
 *fill*         0x0000000010005b9c        0x4 
 .rodata.pow10.0
                0x0000000010005ba0       0x50 CMakeFiles/read_temprature.dir/home/prem/pico/pico-sdk/src/rp2_common/pico_printf/printf.c.obj
 .rodata.__aeabi_double_init.str1.4
                0x0000000010005bf0       0x9a CMakeFiles/read_temprature.dir/home/prem/pico/pico-sdk/src/rp2_common/pico_double/double_init_rom.c.obj
 *fill*         0x0000000010005c8a        0x2 
 .rodata.__func__.0
                0x0000000010005c8c       0x14 CMakeFiles/read_temprature.dir/home/prem/pico/pico-sdk/src/rp2_common/pico_double/double_init_rom.c.obj
 .rodata.__aeabi_float_init.str1.4
                0x0000000010005ca0       0x78 CMakeFiles/read_temprature.dir/home/prem/pico/pico-sdk/src/rp2_common/pico_float/float_init_rom.c.obj
                                         0x7c (size before relaxing)
 .rodata.__func__.0
                0x0000000010005d18       0x13 CMakeFiles/read_temprature.dir/home/prem/pico/pico-sdk/src/rp2_common/pico_float/float_init_rom.c.obj
 *fill*         0x0000000010005d2b        0x1 
 .rodata.str1.4
                0x0000000010005d2c       0x44 CMakeFiles/read_temprature.dir/home/prem/pico/pico-sdk/src/rp2_common/pico_standard_link/binary_info.c.obj
 .rodata.__bi_44
                0x0000000010005d70        0xc CMakeFiles/read_temprature.dir/home/prem/pico/pico-sdk/src/rp2_common/pico_standard_link/binary_info.c.obj
 .rodata.__bi_75
                0x0000000010005d7c        0xc CMakeFiles/read_temprature.dir/home/prem/pico/pico-sdk/src/rp2_common/pico_standard_link/binary_info.c.obj
 .rodata.__bi_81
                0x0000000010005d88        0xc CMakeFiles/read_temprature.dir/home/prem/pico/pico-sdk/src/rp2_common/pico_standard_link/binary_info.c.obj
 .rodata.stdout_serialize_begin.str1.4
                0x0000000010005d94       0x5f CMakeFiles/read_temprature.dir/home/prem/pico/pico-sdk/src/rp2_common/pico_stdio/stdio.c.obj
 .rodata.__func__.3
                0x0000000010005d94       0x15 CMakeFiles/read_temprature.dir/home/prem/pico/pico-sdk/src/rp2_common/pico_stdio/stdio.c.obj
 *fill*         0x0000000010005da9        0x3 
 .rodata.crlf_str.2
                0x0000000010005dac        0x2 CMakeFiles/read_temprature.dir/home/prem/pico/pico-sdk/src/rp2_common/pico_stdio/stdio.c.obj
 *fill*         0x0000000010005dae        0x2 
 .rodata.str1.4
                0x0000000010005db0       0x2c CMakeFiles/read_temprature.dir/home/prem/pico/pico-sdk/src/rp2_common/pico_stdio_uart/stdio_uart.c.obj
 .rodata.__bi_33.4
                0x0000000010005ddc        0xc CMakeFiles/read_temprature.dir/home/prem/pico/pico-sdk/src/rp2_common/pico_stdio_uart/stdio_uart.c.obj
 .rodata.__bi_34.5
                0x0000000010005de8        0x8 CMakeFiles/read_temprature.dir/home/prem/pico/pico-sdk/src/rp2_common/pico_stdio_uart/stdio_uart.c.obj
 .rodata.i2c_set_baudrate.str1.4
                0x0000000010005df0       0x5b CMakeFiles/read_temprature.dir/home/prem/pico/pico-sdk/src/rp2_common/hardware_i2c/i2c.c.obj
 *fill*         0x0000000010005e4b        0x1 
 .rodata.__func__.0
                0x0000000010005e4c       0x11 CMakeFiles/read_temprature.dir/home/prem/pico/pico-sdk/src/rp2_common/hardware_i2c/i2c.c.obj
                0x0000000010005e60                . = ALIGN (0x4)
 *fill*         0x0000000010005e5d        0x3 
 *(SORT_BY_ALIGNMENT(SORT_BY_NAME(.flashdata*)))
                0x0000000010005e60                . = ALIGN (0x4)

.ARM.extab
 *(.ARM.extab* .gnu.linkonce.armextab.*)
                0x0000000010005e60                __exidx_start = .

.ARM.exidx
 *(.ARM.exidx* .gnu.linkonce.armexidx.*)
                0x0000000010005e60                __exidx_end = .
                0x0000000010005e60                . = ALIGN (0x4)
                0x0000000010005e60                __binary_info_start = .

.binary_info    0x0000000010005e60       0x2c
 *(.binary_info.keep.*)
 .binary_info.keep.__bi_ptr27
                0x0000000010005e60        0x4 CMakeFiles/read_temprature.dir/read_temprature.cpp.obj
 .binary_info.keep.__bi_ptr28
                0x0000000010005e64        0x4 CMakeFiles/read_temprature.dir/read_temprature.cpp.obj
 .binary_info.keep.__bi_ptr22
                0x0000000010005e68        0x4 CMakeFiles/read_temprature.dir/home/prem/pico/pico-sdk/src/rp2_common/pico_standard_link/binary_info.c.obj
 .binary_info.keep.__bi_ptr30
                0x0000000010005e6c        0x4 CMakeFiles/read_temprature.dir/home/prem/pico/pico-sdk/src/rp2_common/pico_standard_link/binary_info.c.obj
 .binary_info.keep.__bi_ptr38
                0x0000000010005e70        0x4 CMakeFiles/read_temprature.dir/home/prem/pico/pico-sdk/src/rp2_common/pico_standard_link/binary_info.c.obj
 .binary_info.keep.__bi_ptr44
                0x0000000010005e74        0x4 CMakeFiles/read_temprature.dir/home/prem/pico/pico-sdk/src/rp2_common/pico_standard_link/binary_info.c.obj
 .binary_info.keep.__bi_ptr50
                0x0000000010005e78        0x4 CMakeFiles/read_temprature.dir/home/prem/pico/pico-sdk/src/rp2_common/pico_standard_link/binary_info.c.obj
 .binary_info.keep.__bi_ptr75
                0x0000000010005e7c        0x4 CMakeFiles/read_temprature.dir/home/prem/pico/pico-sdk/src/rp2_common/pico_standard_link/binary_info.c.obj
 .binary_info.keep.__bi_ptr81
                0x0000000010005e80        0x4 CMakeFiles/read_temprature.dir/home/prem/pico/pico-sdk/src/rp2_common/pico_standard_link/binary_info.c.obj
 *(.binary_info.*)
 .binary_info.__bi_ptr33
                0x0000000010005e84        0x4 CMakeFiles/read_temprature.dir/home/prem/pico/pico-sdk/src/rp2_common/pico_stdio_uart/stdio_uart.c.obj
 .binary_info.__bi_ptr34
                0x0000000010005e88        0x4 CMakeFiles/read_temprature.dir/home/prem/pico/pico-sdk/src/rp2_common/pico_stdio_uart/stdio_uart.c.obj
                0x0000000010005e8c                __binary_info_end = .

.rel.dyn        0x0000000010005e8c        0x0
 .rel.iplt      0x0000000010005e8c        0x0 /usr/lib/gcc/arm-none-eabi/10.3.1/thumb/v6-m/nofp/crtbegin.o
                0x0000000010005e8c                . = ALIGN (0x4)

.ram_vector_table
                0x0000000020000000       0xc0
 *(.ram_vector_table)
 .ram_vector_table
                0x0000000020000000       0xc0 CMakeFiles/read_temprature.dir/home/prem/pico/pico-sdk/src/rp2_common/pico_runtime/runtime.c.obj
                0x0000000020000000                ram_vector_table

.data           0x00000000200000c0      0x250 load address 0x0000000010005e8c
                0x00000000200000c0                __data_start__ = .
 *(vtable)
 *(.time_critical*)
 .time_critical.mutex_try_enter
                0x00000000200000c0       0x46 CMakeFiles/read_temprature.dir/home/prem/pico/pico-sdk/src/common/pico_sync/mutex.c.obj
                0x00000000200000c0                mutex_try_enter
 *fill*         0x0000000020000106        0x2 
 .time_critical.mutex_enter_block_until
                0x0000000020000108       0x8c CMakeFiles/read_temprature.dir/home/prem/pico/pico-sdk/src/common/pico_sync/mutex.c.obj
                0x0000000020000108                mutex_enter_block_until
 .time_critical.mutex_try_enter_block_until
                0x0000000020000194       0x34 CMakeFiles/read_temprature.dir/home/prem/pico/pico-sdk/src/common/pico_sync/mutex.c.obj
                0x0000000020000194                mutex_try_enter_block_until
 .time_critical.mutex_exit
                0x00000000200001c8       0x4c CMakeFiles/read_temprature.dir/home/prem/pico/pico-sdk/src/common/pico_sync/mutex.c.obj
                0x00000000200001c8                mutex_exit
 *(.text*)
 .text          0x0000000020000214        0x4 /usr/lib/gcc/arm-none-eabi/10.3.1/thumb/v6-m/nofp/libgcc.a(_dvmd_tls.o)
                0x0000000020000214                __aeabi_ldiv0
                0x0000000020000214                __aeabi_idiv0
 .text.__stub   0x0000000020000218       0x20 linker stubs
                0x0000000020000238                . = ALIGN (0x4)
 *(.rodata*)
                0x0000000020000238                . = ALIGN (0x4)
 *(.data*)
 .data.striped_spin_lock_num
                0x0000000020000238        0x1 CMakeFiles/read_temprature.dir/home/prem/pico/pico-sdk/src/rp2_common/hardware_sync/sync.c.obj
 *fill*         0x0000000020000239        0x3 
 .data          0x000000002000023c       0x48 CMakeFiles/read_temprature.dir/home/prem/pico/pico-sdk/src/rp2_common/hardware_irq/irq_handler_chain.S.obj
                0x000000002000023c                irq_handler_chain_slots
                0x000000002000026c                irq_handler_chain_first_slot
                0x0000000020000276                irq_handler_chain_remove_tail
 .data.default_alarm_pool
                0x0000000020000284       0x18 CMakeFiles/read_temprature.dir/home/prem/pico/pico-sdk/src/common/pico_time/time.c.obj
 .data.default_alarm_pool_heap
                0x000000002000029c       0x10 CMakeFiles/read_temprature.dir/home/prem/pico/pico-sdk/src/common/pico_time/time.c.obj
 *fill*         0x00000000200002ac        0x4 
 .data.aeabi_bits_funcs
                0x00000000200002b0       0x10 CMakeFiles/read_temprature.dir/home/prem/pico/pico-sdk/src/rp2_common/pico_bit_ops/bit_ops_aeabi.S.obj
                0x00000000200002b0                aeabi_bits_funcs
                0x00000000200002c0                aeabi_bits_funcs_end
 .data.aeabi_mem_funcs
                0x00000000200002c0       0x10 CMakeFiles/read_temprature.dir/home/prem/pico/pico-sdk/src/rp2_common/pico_mem_ops/mem_ops_aeabi.S.obj
                0x00000000200002c0                aeabi_mem_funcs
                0x00000000200002d0                aeabi_mem_funcs_end
 .data.stdio_uart
                0x00000000200002d0       0x18 CMakeFiles/read_temprature.dir/home/prem/pico/pico-sdk/src/rp2_common/pico_stdio_uart/stdio_uart.c.obj
                0x00000000200002d0                stdio_uart
 .data.i2c0_inst
                0x00000000200002e8        0x8 CMakeFiles/read_temprature.dir/home/prem/pico/pico-sdk/src/rp2_common/hardware_i2c/i2c.c.obj
                0x00000000200002e8                i2c0_inst
                0x00000000200002f0                . = ALIGN (0x4)
 *(.after_data.*)
                0x00000000200002f0                . = ALIGN (0x4)
                0x00000000200002f0                PROVIDE (__mutex_array_start = .)
 *(SORT_BY_NAME(.mutex_array.*))
 *(.mutex_array)
 .mutex_array   0x00000000200002f0        0x8 CMakeFiles/read_temprature.dir/home/prem/pico/pico-sdk/src/rp2_common/pico_stdio/stdio.c.obj
                0x00000000200002f8                PROVIDE (__mutex_array_end = .)
                0x00000000200002f8                . = ALIGN (0x4)
                0x00000000200002f8                PROVIDE (__preinit_array_start = .)
 *(SORT_BY_NAME(.preinit_array.*))
 .preinit_array.00001
                0x00000000200002f8        0x4 CMakeFiles/read_temprature.dir/home/prem/pico/pico-sdk/src/rp2_common/pico_mem_ops/mem_ops_aeabi.S.obj
 .preinit_array.00010
                0x00000000200002fc        0x4 CMakeFiles/read_temprature.dir/home/prem/pico/pico-sdk/src/rp2_common/pico_bit_ops/bit_ops_aeabi.S.obj
 .preinit_array.00020
                0x0000000020000300        0x4 CMakeFiles/read_temprature.dir/home/prem/pico/pico-sdk/src/rp2_common/pico_double/double_aeabi.S.obj
 .preinit_array.00020
                0x0000000020000304        0x4 CMakeFiles/read_temprature.dir/home/prem/pico/pico-sdk/src/rp2_common/pico_float/float_aeabi.S.obj
 *(.preinit_array)
                0x0000000020000308                PROVIDE (__preinit_array_end = .)
                0x0000000020000308                . = ALIGN (0x4)
                0x0000000020000308                PROVIDE (__init_array_start = .)
 *(SORT_BY_NAME(.init_array.*))
 *(.init_array)
 .init_array    0x0000000020000308        0x4 /usr/lib/gcc/arm-none-eabi/10.3.1/thumb/v6-m/nofp/crtbegin.o
 .init_array    0x000000002000030c        0x4 CMakeFiles/read_temprature.dir/read_temprature.cpp.obj
                0x0000000020000310                PROVIDE (__init_array_end = .)
                0x0000000020000310                . = ALIGN (0x4)
                0x0000000020000310                PROVIDE (__fini_array_start = .)
 *(SORT_BY_NAME(.fini_array.*))
 *(.fini_array)
                0x0000000020000310                PROVIDE (__fini_array_end = .)
 *(.jcr)
                0x0000000020000310                . = ALIGN (0x4)
                0x0000000020000310                __data_end__ = .
                0x0000000010005e8c                __etext = LOADADDR (.data)

.tm_clone_table
                0x0000000020000310        0x0 load address 0x00000000100060dc
 .tm_clone_table
                0x0000000020000310        0x0 /usr/lib/gcc/arm-none-eabi/10.3.1/thumb/v6-m/nofp/crtbegin.o
 .tm_clone_table
                0x0000000020000310        0x0 /usr/lib/gcc/arm-none-eabi/10.3.1/thumb/v6-m/nofp/crtend.o

.igot.plt       0x0000000020000310        0x0 load address 0x00000000100060dc
 .igot.plt      0x0000000020000310        0x0 /usr/lib/gcc/arm-none-eabi/10.3.1/thumb/v6-m/nofp/crtbegin.o

.uninitialized_data
                0x0000000020000310        0x0 load address 0x00000000100060dc
                0x0000000020000310                . = ALIGN (0x4)
 *(.uninitialized_data*)

.scratch_x      0x0000000020040000        0x0 load address 0x00000000100060dc
                0x0000000020040000                __scratch_x_start__ = .
 *(.scratch_x.*)
                0x0000000020040000                . = ALIGN (0x4)
                0x0000000020040000                __scratch_x_end__ = .
                0x00000000100060dc                __scratch_x_source__ = LOADADDR (.scratch_x)

.scratch_y      0x0000000020041000        0x0 load address 0x00000000100060dc
                0x0000000020041000                __scratch_y_start__ = .
 *(.scratch_y.*)
                0x0000000020041000                . = ALIGN (0x4)
                0x0000000020041000                __scratch_y_end__ = .
                0x00000000100060dc                __scratch_y_source__ = LOADADDR (.scratch_y)

.bss            0x0000000020000310      0x3dc
                0x0000000020000310                . = ALIGN (0x4)
                0x0000000020000310                __bss_start__ = .
 *(SORT_BY_ALIGNMENT(SORT_BY_NAME(.bss*)))
 .bss.default_alarm_pool_entries
                0x0000000020000310      0x100 CMakeFiles/read_temprature.dir/home/prem/pico/pico-sdk/src/common/pico_time/time.c.obj
 .bss           0x0000000020000410       0x1c /usr/lib/gcc/arm-none-eabi/10.3.1/thumb/v6-m/nofp/crtbegin.o
 .bss.alarm_callbacks
                0x000000002000042c       0x10 CMakeFiles/read_temprature.dir/home/prem/pico/pico-sdk/src/rp2_common/hardware_timer/timer.c.obj
 .bss.chars_available_callback
                0x000000002000043c        0x4 CMakeFiles/read_temprature.dir/home/prem/pico/pico-sdk/src/rp2_common/pico_stdio_uart/stdio_uart.c.obj
 .bss.chars_available_param
                0x0000000020000440        0x4 CMakeFiles/read_temprature.dir/home/prem/pico/pico-sdk/src/rp2_common/pico_stdio_uart/stdio_uart.c.obj
 .bss.configured_freq
                0x0000000020000444       0x28 CMakeFiles/read_temprature.dir/home/prem/pico/pico-sdk/src/rp2_common/hardware_clocks/clocks.c.obj
 .bss.default_alarm_pool_entry_ids_high
                0x000000002000046c       0x10 CMakeFiles/read_temprature.dir/home/prem/pico/pico-sdk/src/common/pico_time/time.c.obj
 .bss.default_alarm_pool_heap_nodes
                0x000000002000047c       0x30 CMakeFiles/read_temprature.dir/home/prem/pico/pico-sdk/src/common/pico_time/time.c.obj
 .bss.drivers   0x00000000200004ac        0x4 CMakeFiles/read_temprature.dir/home/prem/pico/pico-sdk/src/rp2_common/pico_stdio/stdio.c.obj
 .bss.filter    0x00000000200004b0        0x4 CMakeFiles/read_temprature.dir/home/prem/pico/pico-sdk/src/rp2_common/pico_stdio/stdio.c.obj
 .bss.mlx       0x00000000200004b4        0x4 CMakeFiles/read_temprature.dir/read_temprature.cpp.obj
                0x00000000200004b4                mlx
 .bss.pools     0x00000000200004b8       0x10 CMakeFiles/read_temprature.dir/home/prem/pico/pico-sdk/src/common/pico_time/time.c.obj
 .bss.sd_table  0x00000000200004c8      0x100 CMakeFiles/read_temprature.dir/home/prem/pico/pico-sdk/src/rp2_common/pico_double/double_init_rom.c.obj
                0x00000000200004c8                sd_table
 .bss.sf_clz_func
                0x00000000200005c8        0x4 CMakeFiles/read_temprature.dir/home/prem/pico/pico-sdk/src/rp2_common/pico_double/double_init_rom.c.obj
                0x00000000200005c8                sf_clz_func
 .bss.sf_table  0x00000000200005cc      0x100 CMakeFiles/read_temprature.dir/home/prem/pico/pico-sdk/src/rp2_common/pico_float/float_init_rom.c.obj
                0x00000000200005cc                sf_table
 .bss.sleep_notifier
                0x00000000200006cc        0x4 CMakeFiles/read_temprature.dir/home/prem/pico/pico-sdk/src/common/pico_time/time.c.obj
 .bss.target_hi
                0x00000000200006d0       0x10 CMakeFiles/read_temprature.dir/home/prem/pico/pico-sdk/src/rp2_common/hardware_timer/timer.c.obj
 .bss.uart_char_to_line_feed
                0x00000000200006e0        0x4 CMakeFiles/read_temprature.dir/home/prem/pico/pico-sdk/src/rp2_common/hardware_uart/uart.c.obj
                0x00000000200006e0                uart_char_to_line_feed
 .bss.uart_instance
                0x00000000200006e4        0x4 CMakeFiles/read_temprature.dir/home/prem/pico/pico-sdk/src/rp2_common/pico_stdio_uart/stdio_uart.c.obj
 .bss.claimed   0x00000000200006e8        0x1 CMakeFiles/read_temprature.dir/home/prem/pico/pico-sdk/src/rp2_common/hardware_timer/timer.c.obj
 .bss.irq_hander_chain_free_slot_head
                0x00000000200006e9        0x1 CMakeFiles/read_temprature.dir/home/prem/pico/pico-sdk/src/rp2_common/hardware_irq/irq.c.obj
 .bss.timer_callbacks_pending
                0x00000000200006ea        0x1 CMakeFiles/read_temprature.dir/home/prem/pico/pico-sdk/src/rp2_common/hardware_timer/timer.c.obj
 *(COMMON)
                0x00000000200006ec                . = ALIGN (0x4)
 *fill*         0x00000000200006eb        0x1 
                0x00000000200006ec                __bss_end__ = .

.heap           0x00000000200006ec      0x800
                0x00000000200006ec                __end__ = .
                0x00000000200006ec                end = __end__
 *(.heap*)
 .heap          0x00000000200006ec      0x800 CMakeFiles/read_temprature.dir/home/prem/pico/pico-sdk/src/rp2_common/pico_standard_link/crt0.S.obj
                0x0000000020000eec                __HeapLimit = .

.stack1_dummy   0x0000000020040000        0x0
 *(.stack1*)

.stack_dummy    0x0000000020041000      0x800
 *(.stack*)
 .stack         0x0000000020041000      0x800 CMakeFiles/read_temprature.dir/home/prem/pico/pico-sdk/src/rp2_common/pico_standard_link/crt0.S.obj

.flash_end      0x00000000100060dc        0x0
                0x00000000100060dc                PROVIDE (__flash_binary_end = .)
                0x0000000020040000                __StackLimit = (ORIGIN (RAM) + LENGTH (RAM))
                0x0000000020041000                __StackOneTop = (ORIGIN (SCRATCH_X) + LENGTH (SCRATCH_X))
                0x0000000020042000                __StackTop = (ORIGIN (SCRATCH_Y) + LENGTH (SCRATCH_Y))
                0x0000000020041000                __StackOneBottom = (__StackOneTop - SIZEOF (.stack1_dummy))
                0x0000000020041800                __StackBottom = (__StackTop - SIZEOF (.stack_dummy))
                0x0000000020042000                PROVIDE (__stack = __StackTop)
                0x0000000000000001                ASSERT ((__StackLimit >= __HeapLimit), region RAM overflowed)
                0x0000000000000001                ASSERT (((__binary_info_header_end - __logical_binary_start) <= 0x100), Binary info must be in first 256 bytes of the binary)
LOAD CMakeFiles/read_temprature.dir/read_temprature.cpp.obj
LOAD CMakeFiles/read_temprature.dir/home/prem/pico/pico-sdk/src/rp2_common/pico_stdlib/stdlib.c.obj
LOAD CMakeFiles/read_temprature.dir/home/prem/pico/pico-sdk/src/rp2_common/hardware_gpio/gpio.c.obj
LOAD CMakeFiles/read_temprature.dir/home/prem/pico/pico-sdk/src/rp2_common/pico_platform/platform.c.obj
LOAD CMakeFiles/read_temprature.dir/home/prem/pico/pico-sdk/src/rp2_common/hardware_claim/claim.c.obj
LOAD CMakeFiles/read_temprature.dir/home/prem/pico/pico-sdk/src/rp2_common/hardware_sync/sync.c.obj
LOAD CMakeFiles/read_temprature.dir/home/prem/pico/pico-sdk/src/rp2_common/hardware_irq/irq.c.obj
LOAD CMakeFiles/read_temprature.dir/home/prem/pico/pico-sdk/src/rp2_common/hardware_irq/irq_handler_chain.S.obj
LOAD CMakeFiles/read_temprature.dir/home/prem/pico/pico-sdk/src/common/pico_sync/sem.c.obj
LOAD CMakeFiles/read_temprature.dir/home/prem/pico/pico-sdk/src/common/pico_sync/lock_core.c.obj
LOAD CMakeFiles/read_temprature.dir/home/prem/pico/pico-sdk/src/common/pico_sync/mutex.c.obj
LOAD CMakeFiles/read_temprature.dir/home/prem/pico/pico-sdk/src/common/pico_sync/critical_section.c.obj
LOAD CMakeFiles/read_temprature.dir/home/prem/pico/pico-sdk/src/common/pico_time/time.c.obj
LOAD CMakeFiles/read_temprature.dir/home/prem/pico/pico-sdk/src/common/pico_time/timeout_helper.c.obj
LOAD CMakeFiles/read_temprature.dir/home/prem/pico/pico-sdk/src/rp2_common/hardware_timer/timer.c.obj
LOAD CMakeFiles/read_temprature.dir/home/prem/pico/pico-sdk/src/common/pico_util/datetime.c.obj
LOAD CMakeFiles/read_temprature.dir/home/prem/pico/pico-sdk/src/common/pico_util/pheap.c.obj
LOAD CMakeFiles/read_temprature.dir/home/prem/pico/pico-sdk/src/common/pico_util/queue.c.obj
LOAD CMakeFiles/read_temprature.dir/home/prem/pico/pico-sdk/src/rp2_common/hardware_uart/uart.c.obj
LOAD CMakeFiles/read_temprature.dir/home/prem/pico/pico-sdk/src/rp2_common/hardware_clocks/clocks.c.obj
LOAD CMakeFiles/read_temprature.dir/home/prem/pico/pico-sdk/src/rp2_common/hardware_pll/pll.c.obj
LOAD CMakeFiles/read_temprature.dir/home/prem/pico/pico-sdk/src/rp2_common/hardware_vreg/vreg.c.obj
LOAD CMakeFiles/read_temprature.dir/home/prem/pico/pico-sdk/src/rp2_common/hardware_watchdog/watchdog.c.obj
LOAD CMakeFiles/read_temprature.dir/home/prem/pico/pico-sdk/src/rp2_common/hardware_xosc/xosc.c.obj
LOAD CMakeFiles/read_temprature.dir/home/prem/pico/pico-sdk/src/rp2_common/hardware_divider/divider.S.obj
LOAD CMakeFiles/read_temprature.dir/home/prem/pico/pico-sdk/src/rp2_common/pico_runtime/runtime.c.obj
LOAD CMakeFiles/read_temprature.dir/home/prem/pico/pico-sdk/src/rp2_common/pico_printf/printf.c.obj
LOAD CMakeFiles/read_temprature.dir/home/prem/pico/pico-sdk/src/rp2_common/pico_bit_ops/bit_ops_aeabi.S.obj
LOAD CMakeFiles/read_temprature.dir/home/prem/pico/pico-sdk/src/rp2_common/pico_bootrom/bootrom.c.obj
LOAD CMakeFiles/read_temprature.dir/home/prem/pico/pico-sdk/src/rp2_common/pico_divider/divider.S.obj
LOAD CMakeFiles/read_temprature.dir/home/prem/pico/pico-sdk/src/rp2_common/pico_double/double_aeabi.S.obj
LOAD CMakeFiles/read_temprature.dir/home/prem/pico/pico-sdk/src/rp2_common/pico_double/double_init_rom.c.obj
LOAD CMakeFiles/read_temprature.dir/home/prem/pico/pico-sdk/src/rp2_common/pico_double/double_math.c.obj
LOAD CMakeFiles/read_temprature.dir/home/prem/pico/pico-sdk/src/rp2_common/pico_double/double_v1_rom_shim.S.obj
LOAD CMakeFiles/read_temprature.dir/home/prem/pico/pico-sdk/src/rp2_common/pico_int64_ops/pico_int64_ops_aeabi.S.obj
LOAD CMakeFiles/read_temprature.dir/home/prem/pico/pico-sdk/src/rp2_common/pico_float/float_aeabi.S.obj
LOAD CMakeFiles/read_temprature.dir/home/prem/pico/pico-sdk/src/rp2_common/pico_float/float_init_rom.c.obj
LOAD CMakeFiles/read_temprature.dir/home/prem/pico/pico-sdk/src/rp2_common/pico_float/float_math.c.obj
LOAD CMakeFiles/read_temprature.dir/home/prem/pico/pico-sdk/src/rp2_common/pico_float/float_v1_rom_shim.S.obj
LOAD CMakeFiles/read_temprature.dir/home/prem/pico/pico-sdk/src/rp2_common/pico_malloc/pico_malloc.c.obj
LOAD CMakeFiles/read_temprature.dir/home/prem/pico/pico-sdk/src/rp2_common/pico_mem_ops/mem_ops_aeabi.S.obj
LOAD CMakeFiles/read_temprature.dir/home/prem/pico/pico-sdk/src/rp2_common/pico_standard_link/crt0.S.obj
LOAD CMakeFiles/read_temprature.dir/home/prem/pico/pico-sdk/src/rp2_common/pico_standard_link/new_delete.cpp.obj
LOAD CMakeFiles/read_temprature.dir/home/prem/pico/pico-sdk/src/rp2_common/pico_standard_link/binary_info.c.obj
LOAD CMakeFiles/read_temprature.dir/home/prem/pico/pico-sdk/src/rp2_common/pico_stdio/stdio.c.obj
LOAD CMakeFiles/read_temprature.dir/home/prem/pico/pico-sdk/src/rp2_common/pico_stdio_uart/stdio_uart.c.obj
LOAD CMakeFiles/read_temprature.dir/home/prem/pico/pico-sdk/src/rp2_common/hardware_i2c/i2c.c.obj
LOAD /tmp/ccsF0GTd.o
LOAD /usr/lib/gcc/arm-none-eabi/10.3.1/../../../arm-none-eabi/lib/thumb/v6-m/nofp/libstdc++.a
LOAD /usr/lib/gcc/arm-none-eabi/10.3.1/../../../arm-none-eabi/lib/thumb/v6-m/nofp/libm.a
START GROUP
LOAD /usr/lib/gcc/arm-none-eabi/10.3.1/thumb/v6-m/nofp/libgcc.a
LOAD /usr/lib/gcc/arm-none-eabi/10.3.1/../../../arm-none-eabi/lib/thumb/v6-m/nofp/libg.a
LOAD /usr/lib/gcc/arm-none-eabi/10.3.1/../../../arm-none-eabi/lib/thumb/v6-m/nofp/libc.a
END GROUP
START GROUP
LOAD /usr/lib/gcc/arm-none-eabi/10.3.1/thumb/v6-m/nofp/libgcc.a
LOAD /usr/lib/gcc/arm-none-eabi/10.3.1/../../../arm-none-eabi/lib/thumb/v6-m/nofp/libc.a
LOAD /usr/lib/gcc/arm-none-eabi/10.3.1/../../../arm-none-eabi/lib/thumb/v6-m/nofp/libnosys.a
END GROUP
LOAD /usr/lib/gcc/arm-none-eabi/10.3.1/thumb/v6-m/nofp/crtend.o
LOAD /usr/lib/gcc/arm-none-eabi/10.3.1/thumb/v6-m/nofp/crtn.o
OUTPUT(read_temprature.elf elf32-littlearm)
LOAD linker stubs

.ARM.attributes
                0x0000000000000000       0x28
 .ARM.attributes
                0x0000000000000000       0x1e /usr/lib/gcc/arm-none-eabi/10.3.1/thumb/v6-m/nofp/crti.o
 .ARM.attributes
                0x000000000000001e       0x2c /usr/lib/gcc/arm-none-eabi/10.3.1/thumb/v6-m/nofp/crtbegin.o
 .ARM.attributes
                0x000000000000004a       0x2c CMakeFiles/read_temprature.dir/read_temprature.cpp.obj
 .ARM.attributes
                0x0000000000000076       0x2c CMakeFiles/read_temprature.dir/home/prem/pico/pico-sdk/src/rp2_common/hardware_gpio/gpio.c.obj
 .ARM.attributes
                0x00000000000000a2       0x2c CMakeFiles/read_temprature.dir/home/prem/pico/pico-sdk/src/rp2_common/pico_platform/platform.c.obj
 .ARM.attributes
                0x00000000000000ce       0x2c CMakeFiles/read_temprature.dir/home/prem/pico/pico-sdk/src/rp2_common/hardware_claim/claim.c.obj
 .ARM.attributes
                0x00000000000000fa       0x2c CMakeFiles/read_temprature.dir/home/prem/pico/pico-sdk/src/rp2_common/hardware_sync/sync.c.obj
 .ARM.attributes
                0x0000000000000126       0x2c CMakeFiles/read_temprature.dir/home/prem/pico/pico-sdk/src/rp2_common/hardware_irq/irq.c.obj
 .ARM.attributes
                0x0000000000000152       0x22 CMakeFiles/read_temprature.dir/home/prem/pico/pico-sdk/src/rp2_common/hardware_irq/irq_handler_chain.S.obj
 .ARM.attributes
                0x0000000000000174       0x2c CMakeFiles/read_temprature.dir/home/prem/pico/pico-sdk/src/common/pico_sync/lock_core.c.obj
 .ARM.attributes
                0x00000000000001a0       0x2c CMakeFiles/read_temprature.dir/home/prem/pico/pico-sdk/src/common/pico_sync/mutex.c.obj
 .ARM.attributes
                0x00000000000001cc       0x2c CMakeFiles/read_temprature.dir/home/prem/pico/pico-sdk/src/common/pico_time/time.c.obj
 .ARM.attributes
                0x00000000000001f8       0x2c CMakeFiles/read_temprature.dir/home/prem/pico/pico-sdk/src/rp2_common/hardware_timer/timer.c.obj
 .ARM.attributes
                0x0000000000000224       0x2c CMakeFiles/read_temprature.dir/home/prem/pico/pico-sdk/src/common/pico_util/pheap.c.obj
 .ARM.attributes
                0x0000000000000250       0x2c CMakeFiles/read_temprature.dir/home/prem/pico/pico-sdk/src/rp2_common/hardware_uart/uart.c.obj
 .ARM.attributes
                0x000000000000027c       0x2c CMakeFiles/read_temprature.dir/home/prem/pico/pico-sdk/src/rp2_common/hardware_clocks/clocks.c.obj
 .ARM.attributes
                0x00000000000002a8       0x2c CMakeFiles/read_temprature.dir/home/prem/pico/pico-sdk/src/rp2_common/hardware_pll/pll.c.obj
 .ARM.attributes
                0x00000000000002d4       0x2c CMakeFiles/read_temprature.dir/home/prem/pico/pico-sdk/src/rp2_common/hardware_watchdog/watchdog.c.obj
 .ARM.attributes
                0x0000000000000300       0x2c CMakeFiles/read_temprature.dir/home/prem/pico/pico-sdk/src/rp2_common/hardware_xosc/xosc.c.obj
 .ARM.attributes
                0x000000000000032c       0x2c CMakeFiles/read_temprature.dir/home/prem/pico/pico-sdk/src/rp2_common/pico_runtime/runtime.c.obj
 .ARM.attributes
                0x0000000000000358       0x2c CMakeFiles/read_temprature.dir/home/prem/pico/pico-sdk/src/rp2_common/pico_printf/printf.c.obj
 .ARM.attributes
                0x0000000000000384       0x22 CMakeFiles/read_temprature.dir/home/prem/pico/pico-sdk/src/rp2_common/pico_bit_ops/bit_ops_aeabi.S.obj
 .ARM.attributes
                0x00000000000003a6       0x2c CMakeFiles/read_temprature.dir/home/prem/pico/pico-sdk/src/rp2_common/pico_bootrom/bootrom.c.obj
 .ARM.attributes
                0x00000000000003d2       0x22 CMakeFiles/read_temprature.dir/home/prem/pico/pico-sdk/src/rp2_common/pico_divider/divider.S.obj
 .ARM.attributes
                0x00000000000003f4       0x22 CMakeFiles/read_temprature.dir/home/prem/pico/pico-sdk/src/rp2_common/pico_double/double_aeabi.S.obj
 .ARM.attributes
                0x0000000000000416       0x2c CMakeFiles/read_temprature.dir/home/prem/pico/pico-sdk/src/rp2_common/pico_double/double_init_rom.c.obj
 .ARM.attributes
                0x0000000000000442       0x22 CMakeFiles/read_temprature.dir/home/prem/pico/pico-sdk/src/rp2_common/pico_double/double_v1_rom_shim.S.obj
 .ARM.attributes
                0x0000000000000464       0x22 CMakeFiles/read_temprature.dir/home/prem/pico/pico-sdk/src/rp2_common/pico_int64_ops/pico_int64_ops_aeabi.S.obj
 .ARM.attributes
                0x0000000000000486       0x22 CMakeFiles/read_temprature.dir/home/prem/pico/pico-sdk/src/rp2_common/pico_float/float_aeabi.S.obj
 .ARM.attributes
                0x00000000000004a8       0x2c CMakeFiles/read_temprature.dir/home/prem/pico/pico-sdk/src/rp2_common/pico_float/float_init_rom.c.obj
 .ARM.attributes
                0x00000000000004d4       0x22 CMakeFiles/read_temprature.dir/home/prem/pico/pico-sdk/src/rp2_common/pico_float/float_v1_rom_shim.S.obj
 .ARM.attributes
                0x00000000000004f6       0x22 CMakeFiles/read_temprature.dir/home/prem/pico/pico-sdk/src/rp2_common/pico_mem_ops/mem_ops_aeabi.S.obj
 .ARM.attributes
                0x0000000000000518       0x22 CMakeFiles/read_temprature.dir/home/prem/pico/pico-sdk/src/rp2_common/pico_standard_link/crt0.S.obj
 .ARM.attributes
                0x000000000000053a       0x32 CMakeFiles/read_temprature.dir/home/prem/pico/pico-sdk/src/rp2_common/pico_standard_link/binary_info.c.obj
 .ARM.attributes
                0x000000000000056c       0x2c CMakeFiles/read_temprature.dir/home/prem/pico/pico-sdk/src/rp2_common/pico_stdio/stdio.c.obj
 .ARM.attributes
                0x0000000000000598       0x2c CMakeFiles/read_temprature.dir/home/prem/pico/pico-sdk/src/rp2_common/pico_stdio_uart/stdio_uart.c.obj
 .ARM.attributes
                0x00000000000005c4       0x2c CMakeFiles/read_temprature.dir/home/prem/pico/pico-sdk/src/rp2_common/hardware_i2c/i2c.c.obj
 .ARM.attributes
                0x00000000000005f0       0x22 /tmp/ccsF0GTd.o
 .ARM.attributes
                0x0000000000000612       0x1e /usr/lib/gcc/arm-none-eabi/10.3.1/thumb/v6-m/nofp/libgcc.a(_dvmd_tls.o)
 .ARM.attributes
                0x0000000000000630       0x2c /usr/lib/gcc/arm-none-eabi/10.3.1/../../../arm-none-eabi/lib/thumb/v6-m/nofp/libg.a(lib_a-strlen-stub.o)
 .ARM.attributes
                0x000000000000065c       0x2c /usr/lib/gcc/arm-none-eabi/10.3.1/thumb/v6-m/nofp/crtend.o

.comment        0x0000000000000000       0x33
 .comment       0x0000000000000000       0x33 /usr/lib/gcc/arm-none-eabi/10.3.1/thumb/v6-m/nofp/crtbegin.o
                                         0x34 (size before relaxing)
 .comment       0x0000000000000033       0x34 CMakeFiles/read_temprature.dir/read_temprature.cpp.obj
 .comment       0x0000000000000033       0x34 CMakeFiles/read_temprature.dir/home/prem/pico/pico-sdk/src/rp2_common/hardware_gpio/gpio.c.obj
 .comment       0x0000000000000033       0x34 CMakeFiles/read_temprature.dir/home/prem/pico/pico-sdk/src/rp2_common/pico_platform/platform.c.obj
 .comment       0x0000000000000033       0x34 CMakeFiles/read_temprature.dir/home/prem/pico/pico-sdk/src/rp2_common/hardware_claim/claim.c.obj
 .comment       0x0000000000000033       0x34 CMakeFiles/read_temprature.dir/home/prem/pico/pico-sdk/src/rp2_common/hardware_sync/sync.c.obj
 .comment       0x0000000000000033       0x34 CMakeFiles/read_temprature.dir/home/prem/pico/pico-sdk/src/rp2_common/hardware_irq/irq.c.obj
 .comment       0x0000000000000033       0x34 CMakeFiles/read_temprature.dir/home/prem/pico/pico-sdk/src/common/pico_sync/lock_core.c.obj
 .comment       0x0000000000000033       0x34 CMakeFiles/read_temprature.dir/home/prem/pico/pico-sdk/src/common/pico_sync/mutex.c.obj
 .comment       0x0000000000000033       0x34 CMakeFiles/read_temprature.dir/home/prem/pico/pico-sdk/src/common/pico_time/time.c.obj
 .comment       0x0000000000000033       0x34 CMakeFiles/read_temprature.dir/home/prem/pico/pico-sdk/src/rp2_common/hardware_timer/timer.c.obj
 .comment       0x0000000000000033       0x34 CMakeFiles/read_temprature.dir/home/prem/pico/pico-sdk/src/common/pico_util/pheap.c.obj
 .comment       0x0000000000000033       0x34 CMakeFiles/read_temprature.dir/home/prem/pico/pico-sdk/src/rp2_common/hardware_uart/uart.c.obj
 .comment       0x0000000000000033       0x34 CMakeFiles/read_temprature.dir/home/prem/pico/pico-sdk/src/rp2_common/hardware_clocks/clocks.c.obj
 .comment       0x0000000000000033       0x34 CMakeFiles/read_temprature.dir/home/prem/pico/pico-sdk/src/rp2_common/hardware_pll/pll.c.obj
 .comment       0x0000000000000033       0x34 CMakeFiles/read_temprature.dir/home/prem/pico/pico-sdk/src/rp2_common/hardware_watchdog/watchdog.c.obj
 .comment       0x0000000000000033       0x34 CMakeFiles/read_temprature.dir/home/prem/pico/pico-sdk/src/rp2_common/hardware_xosc/xosc.c.obj
 .comment       0x0000000000000033       0x34 CMakeFiles/read_temprature.dir/home/prem/pico/pico-sdk/src/rp2_common/pico_runtime/runtime.c.obj
 .comment       0x0000000000000033       0x34 CMakeFiles/read_temprature.dir/home/prem/pico/pico-sdk/src/rp2_common/pico_printf/printf.c.obj
 .comment       0x0000000000000033       0x34 CMakeFiles/read_temprature.dir/home/prem/pico/pico-sdk/src/rp2_common/pico_bootrom/bootrom.c.obj
 .comment       0x0000000000000033       0x34 CMakeFiles/read_temprature.dir/home/prem/pico/pico-sdk/src/rp2_common/pico_double/double_init_rom.c.obj
 .comment       0x0000000000000033       0x34 CMakeFiles/read_temprature.dir/home/prem/pico/pico-sdk/src/rp2_common/pico_float/float_init_rom.c.obj
 .comment       0x0000000000000033       0x34 CMakeFiles/read_temprature.dir/home/prem/pico/pico-sdk/src/rp2_common/pico_standard_link/binary_info.c.obj
 .comment       0x0000000000000033       0x34 CMakeFiles/read_temprature.dir/home/prem/pico/pico-sdk/src/rp2_common/pico_stdio/stdio.c.obj
 .comment       0x0000000000000033       0x34 CMakeFiles/read_temprature.dir/home/prem/pico/pico-sdk/src/rp2_common/pico_stdio_uart/stdio_uart.c.obj
 .comment       0x0000000000000033       0x34 CMakeFiles/read_temprature.dir/home/prem/pico/pico-sdk/src/rp2_common/hardware_i2c/i2c.c.obj
 .comment       0x0000000000000033       0x34 /usr/lib/gcc/arm-none-eabi/10.3.1/../../../arm-none-eabi/lib/thumb/v6-m/nofp/libg.a(lib_a-strlen-stub.o)
 .comment       0x0000000000000033       0x34 /usr/lib/gcc/arm-none-eabi/10.3.1/thumb/v6-m/nofp/crtend.o

.debug_info     0x0000000000000000    0x17c91
 .debug_info    0x0000000000000000     0x1325 CMakeFiles/read_temprature.dir/read_temprature.cpp.obj
 .debug_info    0x0000000000001325     0x185a CMakeFiles/read_temprature.dir/home/prem/pico/pico-sdk/src/rp2_common/hardware_gpio/gpio.c.obj
 .debug_info    0x0000000000002b7f      0x1cb CMakeFiles/read_temprature.dir/home/prem/pico/pico-sdk/src/rp2_common/pico_platform/platform.c.obj
 .debug_info    0x0000000000002d4a      0x6a6 CMakeFiles/read_temprature.dir/home/prem/pico/pico-sdk/src/rp2_common/hardware_claim/claim.c.obj
 .debug_info    0x00000000000033f0      0x576 CMakeFiles/read_temprature.dir/home/prem/pico/pico-sdk/src/rp2_common/hardware_sync/sync.c.obj
 .debug_info    0x0000000000003966     0x1c56 CMakeFiles/read_temprature.dir/home/prem/pico/pico-sdk/src/rp2_common/hardware_irq/irq.c.obj
 .debug_info    0x00000000000055bc      0x198 CMakeFiles/read_temprature.dir/home/prem/pico/pico-sdk/src/common/pico_sync/lock_core.c.obj
 .debug_info    0x0000000000005754     0x2099 CMakeFiles/read_temprature.dir/home/prem/pico/pico-sdk/src/common/pico_sync/mutex.c.obj
 .debug_info    0x00000000000077ed     0x402c CMakeFiles/read_temprature.dir/home/prem/pico/pico-sdk/src/common/pico_time/time.c.obj
 .debug_info    0x000000000000b819     0x13b4 CMakeFiles/read_temprature.dir/home/prem/pico/pico-sdk/src/rp2_common/hardware_timer/timer.c.obj
 .debug_info    0x000000000000cbcd     0x123b CMakeFiles/read_temprature.dir/home/prem/pico/pico-sdk/src/common/pico_util/pheap.c.obj
 .debug_info    0x000000000000de08      0xdba CMakeFiles/read_temprature.dir/home/prem/pico/pico-sdk/src/rp2_common/hardware_uart/uart.c.obj
 .debug_info    0x000000000000ebc2      0xf9f CMakeFiles/read_temprature.dir/home/prem/pico/pico-sdk/src/rp2_common/hardware_clocks/clocks.c.obj
 .debug_info    0x000000000000fb61      0x503 CMakeFiles/read_temprature.dir/home/prem/pico/pico-sdk/src/rp2_common/hardware_pll/pll.c.obj
 .debug_info    0x0000000000010064      0x4ee CMakeFiles/read_temprature.dir/home/prem/pico/pico-sdk/src/rp2_common/hardware_watchdog/watchdog.c.obj
 .debug_info    0x0000000000010552      0x1c0 CMakeFiles/read_temprature.dir/home/prem/pico/pico-sdk/src/rp2_common/hardware_xosc/xosc.c.obj
 .debug_info    0x0000000000010712     0x1053 CMakeFiles/read_temprature.dir/home/prem/pico/pico-sdk/src/rp2_common/pico_runtime/runtime.c.obj
 .debug_info    0x0000000000011765     0x1a47 CMakeFiles/read_temprature.dir/home/prem/pico/pico-sdk/src/rp2_common/pico_printf/printf.c.obj
 .debug_info    0x00000000000131ac       0x22 CMakeFiles/read_temprature.dir/home/prem/pico/pico-sdk/src/rp2_common/pico_bit_ops/bit_ops_aeabi.S.obj
 .debug_info    0x00000000000131ce      0x258 CMakeFiles/read_temprature.dir/home/prem/pico/pico-sdk/src/rp2_common/pico_bootrom/bootrom.c.obj
 .debug_info    0x0000000000013426       0x22 CMakeFiles/read_temprature.dir/home/prem/pico/pico-sdk/src/rp2_common/pico_divider/divider.S.obj